main.c:97:6:led_on	8	static
main.c:101:6:led_off	8	static
main.c:107:6:State_Updater	16	static
main.c:129:6:FEES_SOS	16	static
main.c:154:5:main	48	static
main.c:241:6:SystemClock_Config	88	static
main.c:281:13:MX_USART2_UART_Init	8	static
main.c:314:13:MX_USART3_UART_Init	8	static
main.c:347:13:MX_GPIO_Init	56	static
main.c:438:6:HAL_UART_RxCpltCallback	16	static
main.c:463:6:StartDefaultTask	64	static
main.c:494:6:HAL_TIM_PeriodElapsedCallback	16	static
main.c:511:6:Error_Handler	4	static
