main.c:92:6:led_on	8	static
main.c:96:6:led_off	8	static
main.c:102:6:State_Updater	16	static
main.c:124:6:FEES_SOS	16	static
main.c:149:5:main	48	static
main.c:236:6:SystemClock_Config	88	static
main.c:276:13:MX_USART2_UART_Init	8	static
main.c:309:13:MX_USART3_UART_Init	8	static
main.c:342:13:MX_GPIO_Init	56	static
main.c:433:6:HAL_UART_RxCpltCallback	16	static
main.c:457:6:StartDefaultTask	64	static
main.c:489:6:HAL_TIM_PeriodElapsedCallback	16	static
main.c:506:6:Error_Handler	4	static
