main.c:227:6:FEES_SOS	16	static
main.c:322:6:FEES_Init	4	static
main.c:497:6:FEES_SPI_1	24	static
main.c:506:6:FEES_SPI_2	24	static
main.c:515:6:FEES_SPI_3	24	static
main.c:525:6:FEES_I2C_1	32	static
main.c:534:6:FEES_I2C_2	24	static
main.c:567:6:FEES_Printf	16	static
main.c:573:6:FEES_Printf1	16	static
main.c:580:6:FEES_Printf2	16	static
main.c:587:6:FEES_Printf3	16	static
main.c:594:6:FEES_Printf4	16	static
main.c:606:6:FEES_Pin_ON	16	static
main.c:613:6:FEES_Pin_OFF	16	static
main.c:620:6:FEES_Pin_Toggle	32	static
main.c:685:6:FEES_TestPins	16	static
main.c:770:6:FEES_RandomPinToggle	24	static
main.c:783:6:FEES_RandomPinSwitch	24	static
main.c:796:6:FEES_RandomPinToggle4	16	static
main.c:806:6:FEES_TestBusses	120	static
main.c:841:6:FEES_PWM_STARTERS_T2_3_VariablePWM	40	static
main.c:884:6:FEES_Startup_PWM_BATTERY	48	static
main.c:923:6:FEES_StateChange_PWM_BATTERY	48	static
main.c:958:6:FEES_Crescendo_PWM_BATTERY	48	static
main.c:997:6:FEES_CrescendoParam_PWM_BATTERY	56	static
main.c:1036:6:FEES_Diminuendo_PWM_BATTERY	48	static
main.c:1075:6:FEES_DiminuendoParam_PWM_BATTERY	56	static
main.c:1115:6:FEES_Contatore_16	8	static
main.c:1239:6:FEES_Contatore_30	8	static
main.c:1496:5:main	48	static
main.c:1620:6:SystemClock_Config	88	static
main.c:1664:13:MX_ADC1_Init	24	static
main.c:1714:13:MX_I2C1_Init	8	static
main.c:1748:13:MX_I2C2_Init	8	static
main.c:1782:13:MX_SPI1_Init	8	static
main.c:1820:13:MX_SPI2_Init	8	static
main.c:1858:13:MX_SPI3_Init	8	static
main.c:1896:13:MX_TIM2_Init	64	static
main.c:1965:13:MX_TIM3_Init	48	static
main.c:2014:13:MX_USART1_UART_Init	8	static
main.c:2047:13:MX_USART2_UART_Init	8	static
main.c:2080:13:MX_USART3_UART_Init	8	static
main.c:2113:13:MX_USART6_UART_Init	8	static
main.c:2146:13:MX_USB_OTG_FS_PCD_Init	8	static
main.c:2181:13:MX_GPIO_Init	56	static
main.c:2284:6:HAL_UART_RxCpltCallback	16	static
main.c:2307:6:StartDefaultTask	64	static
main.c:2337:6:Task01	24	static
main.c:2363:6:Task02	16	static
main.c:2408:6:Task03	16	static
main.c:2428:6:Task04	16	static
main.c:2447:6:Task05	16	static
main.c:2481:6:Task06	32	static
main.c:2539:6:HAL_TIM_PeriodElapsedCallback	16	static
main.c:2556:6:Error_Handler	4	static
