main.c:2426:6:StartDefaultTask	8	static
main.c:2447:6:Task01	8	static
main.c:2470:6:Task02	8	static
main.c:2514:6:Task03	8	static
main.c:2587:6:Task06	8	static
main.c:2534:6:Task04	8	static
main.c:292:6:FEES_Init	36	static
main.c:495:6:FEES_I2C_1	40	static
main.c:504:6:FEES_I2C_2	24	static
main.c:537:6:FEES_Printf	8	static
main.c:543:6:FEES_Printf1	8	static
main.c:550:6:FEES_Printf2	0	static
main.c:557:6:FEES_Printf3	8	static
main.c:564:6:FEES_Printf4	8	static
main.c:573:6:FEES_Pin_ON	0	static
main.c:580:6:FEES_Pin_OFF	0	static
main.c:467:6:FEES_SPI_1	32	static
main.c:476:6:FEES_SPI_2	32	static
main.c:485:6:FEES_SPI_3	32	static
main.c:587:6:FEES_Pin_Toggle	16	static
main.c:2553:6:Task05	8	static
main.c:652:6:FEES_TestPins	8	static
main.c:737:6:FEES_RandomPinToggle	8	static
main.c:750:6:FEES_RandomPinSwitch	0	static
main.c:763:6:FEES_RandomPinToggle4	8	static
main.c:773:6:FEES_TestBusses	128	static
main.c:808:6:FEES_PWM_STARTERS_T2_3_VariablePWM	48	static
main.c:851:6:FEES_Startup_PWM_BATTERY	64	static
main.c:890:6:FEES_StateChange_PWM_BATTERY	64	static
main.c:925:6:FEES_Crescendo_PWM_BATTERY	64	static
main.c:964:6:FEES_CrescendoParam_PWM_BATTERY	64	static
main.c:1003:6:FEES_Diminuendo_PWM_BATTERY	64	static
main.c:1042:6:FEES_DiminuendoParam_PWM_BATTERY	64	static
main.c:1082:6:FEES_Contatore_16	8	static
main.c:1206:6:FEES_Contatore_30	8	static
main.c:1429:6:TEST_Pin_ON	0	static
main.c:1436:6:TEST_Pin_OFF	0	static
main.c:1443:6:TEST_Pin_Toggle	8	static
main.c:1456:6:TEST_TestPins	8	static
main.c:1754:6:SystemClock_Config	96	static
main.c:1633:5:main	96	static
main.c:2720:6:HAL_TIM_PeriodElapsedCallback	0	static
main.c:2737:6:Error_Handler	0	static
