FEES.c:44:6:FEES_SOS	16	static
FEES.c:63:6:FEES_TEST	16	static
FEES.c:80:6:led_on	8	static
FEES.c:84:6:led_off	8	static
FEES.c:90:6:State_Updater	16	static
FEES.c:114:6:FEES_Init	8	static
FEES.c:298:6:FEES_SPI_1	24	static
FEES.c:307:6:FEES_SPI_2	24	static
FEES.c:316:6:FEES_SPI_3	24	static
FEES.c:326:6:FEES_I2C_1	24	static
FEES.c:335:6:FEES_I2C_2	16	static
FEES.c:368:6:FEES_Printf	16	static
FEES.c:374:6:FEES_Printf1	16	static
FEES.c:381:6:FEES_Printf2	16	static
FEES.c:388:6:FEES_Printf3	16	static
FEES.c:395:6:FEES_Printf4	16	static
FEES.c:407:6:FEES_Pin_ON	16	static
FEES.c:414:6:FEES_Pin_OFF	16	static
FEES.c:421:6:FEES_Pin_Toggle	32	static
FEES.c:486:6:FEES_TestPins	16	static
FEES.c:571:6:FEES_RandomPinToggle	24	static
FEES.c:584:6:FEES_RandomPinSwitch	24	static
FEES.c:597:6:FEES_RandomPinToggle4	16	static
FEES.c:607:6:FEES_TestBusses	120	static
FEES.c:642:6:FEES_PWM_STARTERS_T2_3_VariablePWM	40	static
FEES.c:685:6:FEES_Startup_PWM_BATTERY	48	static
FEES.c:724:6:FEES_StateChange_PWM_BATTERY	48	static
FEES.c:759:6:FEES_Crescendo_PWM_BATTERY	48	static
FEES.c:798:6:FEES_CrescendoParam_PWM_BATTERY	56	static
FEES.c:837:6:FEES_Diminuendo_PWM_BATTERY	48	static
FEES.c:876:6:FEES_DiminuendoParam_PWM_BATTERY	56	static
FEES.c:916:6:FEES_Contatore_16	8	static
FEES.c:1040:6:FEES_Contatore_30	8	static
