main.c:372:5:main	40	static
main.c:498:6:SystemClock_Config	88	static
main.c:542:13:MX_ADC1_Init	24	static
main.c:592:13:MX_I2C1_Init	8	static
main.c:626:13:MX_I2C2_Init	8	static
main.c:660:13:MX_SPI1_Init	8	static
main.c:698:13:MX_SPI2_Init	8	static
main.c:736:13:MX_SPI3_Init	8	static
main.c:774:13:MX_TIM2_Init	64	static
main.c:843:13:MX_TIM3_Init	48	static
main.c:892:13:MX_USART1_UART_Init	8	static
main.c:925:13:MX_USART2_UART_Init	8	static
main.c:958:13:MX_USART3_UART_Init	8	static
main.c:991:13:MX_USART6_UART_Init	8	static
main.c:1024:13:MX_USB_OTG_FS_PCD_Init	8	static
main.c:1059:13:MX_GPIO_Init	56	static
main.c:1162:6:HAL_UART_RxCpltCallback	16	static
main.c:1187:6:StartDefaultTask	48	static
main.c:1222:6:Task01	24	static
main.c:1248:6:Task02	16	static
main.c:1293:6:Task03	16	static
main.c:1313:6:Task04	16	static
main.c:1332:6:Task05	16	static
main.c:1366:6:Task06	32	static
main.c:1424:6:HAL_TIM_PeriodElapsedCallback	16	static
main.c:1441:6:Error_Handler	4	static
