main.c:295:5:main	40	static
main.c:436:6:SystemClock_Config	88	static
main.c:480:13:MX_ADC1_Init	24	static
main.c:530:13:MX_I2C1_Init	8	static
main.c:564:13:MX_I2C2_Init	8	static
main.c:598:13:MX_SPI1_Init	8	static
main.c:636:13:MX_SPI2_Init	8	static
main.c:674:13:MX_SPI3_Init	8	static
main.c:712:13:MX_TIM2_Init	64	static
main.c:781:13:MX_TIM3_Init	48	static
main.c:830:13:MX_USART1_UART_Init	8	static
main.c:863:13:MX_USART2_UART_Init	8	static
main.c:896:13:MX_USART3_UART_Init	8	static
main.c:929:13:MX_USART6_UART_Init	8	static
main.c:962:13:MX_USB_OTG_FS_PCD_Init	8	static
main.c:997:13:MX_GPIO_Init	56	static
main.c:1100:6:HAL_UART_RxCpltCallback	16	static
main.c:1125:6:StartDefaultTask	40	static
main.c:1160:6:Task01	24	static
main.c:1186:6:Task02	16	static
main.c:1231:6:Task03	16	static
main.c:1254:6:Task04	160	static
main.c:1335:6:Task05	16	static
main.c:1369:6:Task06	32	static
main.c:1427:6:HAL_TIM_PeriodElapsedCallback	16	static
main.c:1444:6:Error_Handler	4	static
