main.c:292:6:FEES_Init	4	static
main.c:467:6:FEES_SPI_1	24	static
main.c:476:6:FEES_SPI_2	24	static
main.c:485:6:FEES_SPI_3	24	static
main.c:495:6:FEES_I2C_1	32	static
main.c:504:6:FEES_I2C_2	24	static
main.c:537:6:FEES_Printf	16	static
main.c:543:6:FEES_Printf1	16	static
main.c:550:6:FEES_Printf2	16	static
main.c:557:6:FEES_Printf3	16	static
main.c:564:6:FEES_Printf4	16	static
main.c:576:6:FEES_Pin_ON	16	static
main.c:583:6:FEES_Pin_OFF	16	static
main.c:590:6:FEES_Pin_Toggle	32	static
main.c:655:6:FEES_TestPins	16	static
main.c:740:6:FEES_RandomPinToggle	24	static
main.c:753:6:FEES_RandomPinSwitch	24	static
main.c:766:6:FEES_RandomPinToggle4	16	static
main.c:776:6:FEES_TestBusses	120	static
main.c:811:6:FEES_PWM_STARTERS_T2_3_VariablePWM	40	static
main.c:854:6:FEES_Startup_PWM_BATTERY	48	static
main.c:893:6:FEES_StateChange_PWM_BATTERY	48	static
main.c:928:6:FEES_Crescendo_PWM_BATTERY	48	static
main.c:967:6:FEES_CrescendoParam_PWM_BATTERY	56	static
main.c:1006:6:FEES_Diminuendo_PWM_BATTERY	48	static
main.c:1045:6:FEES_DiminuendoParam_PWM_BATTERY	56	static
main.c:1085:6:FEES_Contatore_16	8	static
main.c:1209:6:FEES_Contatore_30	8	static
main.c:1466:5:main	8	static
main.c:1581:6:SystemClock_Config	88	static
main.c:1625:13:MX_ADC1_Init	24	static
main.c:1675:13:MX_I2C1_Init	8	static
main.c:1709:13:MX_I2C2_Init	8	static
main.c:1743:13:MX_SPI1_Init	8	static
main.c:1781:13:MX_SPI2_Init	8	static
main.c:1819:13:MX_SPI3_Init	8	static
main.c:1857:13:MX_TIM2_Init	64	static
main.c:1926:13:MX_TIM3_Init	48	static
main.c:1975:13:MX_USART1_UART_Init	8	static
main.c:2008:13:MX_USART2_UART_Init	8	static
main.c:2041:13:MX_USART3_UART_Init	8	static
main.c:2074:13:MX_USART6_UART_Init	8	static
main.c:2107:13:MX_USB_OTG_FS_PCD_Init	8	static
main.c:2142:13:MX_GPIO_Init	56	static
main.c:2253:6:StartDefaultTask	16	static
main.c:2271:6:Task01	24	static
main.c:2297:6:Task02	16	static
main.c:2342:6:Task03	16	static
main.c:2362:6:Task04	16	static
main.c:2381:6:Task05	16	static
main.c:2415:6:Task06	32	static
main.c:2473:6:HAL_TIM_PeriodElapsedCallback	16	static
main.c:2490:6:Error_Handler	4	static
