Archive member included to satisfy reference by file (symbol)

c:/st/stm32cubeide_1.3.0/stm32cubeide/plugins/com.st.stm32cube.ide.mcu.externaltools.gnu-tools-for-stm32.7-2018-q2-update.win32_1.4.0.202007081208/tools/bin/../lib/gcc/arm-none-eabi/7.3.1/../../../../arm-none-eabi/lib/thumb/v7e-m/fpv4-sp/hard\libc_nano.a(lib_a-errno.o)
                              Core/Src/syscalls.o (__errno)
c:/st/stm32cubeide_1.3.0/stm32cubeide/plugins/com.st.stm32cube.ide.mcu.externaltools.gnu-tools-for-stm32.7-2018-q2-update.win32_1.4.0.202007081208/tools/bin/../lib/gcc/arm-none-eabi/7.3.1/../../../../arm-none-eabi/lib/thumb/v7e-m/fpv4-sp/hard\libc_nano.a(lib_a-exit.o)
                              c:/st/stm32cubeide_1.3.0/stm32cubeide/plugins/com.st.stm32cube.ide.mcu.externaltools.gnu-tools-for-stm32.7-2018-q2-update.win32_1.4.0.202007081208/tools/bin/../lib/gcc/arm-none-eabi/7.3.1/../../../../arm-none-eabi/lib/thumb/v7e-m/fpv4-sp/hard/crt0.o (exit)
c:/st/stm32cubeide_1.3.0/stm32cubeide/plugins/com.st.stm32cube.ide.mcu.externaltools.gnu-tools-for-stm32.7-2018-q2-update.win32_1.4.0.202007081208/tools/bin/../lib/gcc/arm-none-eabi/7.3.1/../../../../arm-none-eabi/lib/thumb/v7e-m/fpv4-sp/hard\libc_nano.a(lib_a-impure.o)
                              c:/st/stm32cubeide_1.3.0/stm32cubeide/plugins/com.st.stm32cube.ide.mcu.externaltools.gnu-tools-for-stm32.7-2018-q2-update.win32_1.4.0.202007081208/tools/bin/../lib/gcc/arm-none-eabi/7.3.1/../../../../arm-none-eabi/lib/thumb/v7e-m/fpv4-sp/hard\libc_nano.a(lib_a-exit.o) (_global_impure_ptr)
c:/st/stm32cubeide_1.3.0/stm32cubeide/plugins/com.st.stm32cube.ide.mcu.externaltools.gnu-tools-for-stm32.7-2018-q2-update.win32_1.4.0.202007081208/tools/bin/../lib/gcc/arm-none-eabi/7.3.1/../../../../arm-none-eabi/lib/thumb/v7e-m/fpv4-sp/hard\libc_nano.a(lib_a-init.o)
                              c:/st/stm32cubeide_1.3.0/stm32cubeide/plugins/com.st.stm32cube.ide.mcu.externaltools.gnu-tools-for-stm32.7-2018-q2-update.win32_1.4.0.202007081208/tools/bin/../lib/gcc/arm-none-eabi/7.3.1/../../../../arm-none-eabi/lib/thumb/v7e-m/fpv4-sp/hard/crt0.o (__libc_init_array)
c:/st/stm32cubeide_1.3.0/stm32cubeide/plugins/com.st.stm32cube.ide.mcu.externaltools.gnu-tools-for-stm32.7-2018-q2-update.win32_1.4.0.202007081208/tools/bin/../lib/gcc/arm-none-eabi/7.3.1/../../../../arm-none-eabi/lib/thumb/v7e-m/fpv4-sp/hard\libc_nano.a(lib_a-memcpy-stub.o)
                              Middlewares/Third_Party/FreeRTOS/Source/CMSIS_RTOS_V2/cmsis_os2.o (memcpy)
c:/st/stm32cubeide_1.3.0/stm32cubeide/plugins/com.st.stm32cube.ide.mcu.externaltools.gnu-tools-for-stm32.7-2018-q2-update.win32_1.4.0.202007081208/tools/bin/../lib/gcc/arm-none-eabi/7.3.1/../../../../arm-none-eabi/lib/thumb/v7e-m/fpv4-sp/hard\libc_nano.a(lib_a-memset.o)
                              c:/st/stm32cubeide_1.3.0/stm32cubeide/plugins/com.st.stm32cube.ide.mcu.externaltools.gnu-tools-for-stm32.7-2018-q2-update.win32_1.4.0.202007081208/tools/bin/../lib/gcc/arm-none-eabi/7.3.1/../../../../arm-none-eabi/lib/thumb/v7e-m/fpv4-sp/hard/crt0.o (memset)
c:/st/stm32cubeide_1.3.0/stm32cubeide/plugins/com.st.stm32cube.ide.mcu.externaltools.gnu-tools-for-stm32.7-2018-q2-update.win32_1.4.0.202007081208/tools/bin/../lib/gcc/arm-none-eabi/7.3.1/../../../../arm-none-eabi/lib/thumb/v7e-m/fpv4-sp/hard\libc_nano.a(lib_a-rand.o)
                              Core/Src/main.o (rand)
c:/st/stm32cubeide_1.3.0/stm32cubeide/plugins/com.st.stm32cube.ide.mcu.externaltools.gnu-tools-for-stm32.7-2018-q2-update.win32_1.4.0.202007081208/tools/bin/../lib/gcc/arm-none-eabi/7.3.1/../../../../arm-none-eabi/lib/thumb/v7e-m/fpv4-sp/hard\libc_nano.a(lib_a-strlen.o)
                              Core/Src/main.o (strlen)
c:/st/stm32cubeide_1.3.0/stm32cubeide/plugins/com.st.stm32cube.ide.mcu.externaltools.gnu-tools-for-stm32.7-2018-q2-update.win32_1.4.0.202007081208/tools/bin/../lib/gcc/arm-none-eabi/7.3.1/../../../../arm-none-eabi/lib/thumb/v7e-m/fpv4-sp/hard\libc_nano.a(lib_a-malloc.o)
                              c:/st/stm32cubeide_1.3.0/stm32cubeide/plugins/com.st.stm32cube.ide.mcu.externaltools.gnu-tools-for-stm32.7-2018-q2-update.win32_1.4.0.202007081208/tools/bin/../lib/gcc/arm-none-eabi/7.3.1/../../../../arm-none-eabi/lib/thumb/v7e-m/fpv4-sp/hard\libc_nano.a(lib_a-rand.o) (malloc)
c:/st/stm32cubeide_1.3.0/stm32cubeide/plugins/com.st.stm32cube.ide.mcu.externaltools.gnu-tools-for-stm32.7-2018-q2-update.win32_1.4.0.202007081208/tools/bin/../lib/gcc/arm-none-eabi/7.3.1/../../../../arm-none-eabi/lib/thumb/v7e-m/fpv4-sp/hard\libc_nano.a(lib_a-nano-freer.o)
                              c:/st/stm32cubeide_1.3.0/stm32cubeide/plugins/com.st.stm32cube.ide.mcu.externaltools.gnu-tools-for-stm32.7-2018-q2-update.win32_1.4.0.202007081208/tools/bin/../lib/gcc/arm-none-eabi/7.3.1/../../../../arm-none-eabi/lib/thumb/v7e-m/fpv4-sp/hard\libc_nano.a(lib_a-malloc.o) (_free_r)
[...]
Memory Configuration

Name             Origin             Length             Attributes
CCMRAM           0x0000000010000000 0x0000000000010000 xrw
RAM              0x0000000020000000 0x0000000000020000 xrw
FLASH            0x0000000008000000 0x0000000000100000 xr
*default*        0x0000000000000000 0xffffffffffffffff

Linker script and memory map

LOAD c:/st/stm32cubeide_1.3.0/stm32cubeide/plugins/com.st.stm32cube.ide.mcu.externaltools.gnu-tools-for-stm32.7-2018-q2-update.win32_1.4.0.202007081208/tools/bin/../lib/gcc/arm-none-eabi/7.3.1/thumb/v7e-m/fpv4-sp/hard/crti.o
LOAD c:/st/stm32cubeide_1.3.0/stm32cubeide/plugins/com.st.stm32cube.ide.mcu.externaltools.gnu-tools-for-stm32.7-2018-q2-update.win32_1.4.0.202007081208/tools/bin/../lib/gcc/arm-none-eabi/7.3.1/thumb/v7e-m/fpv4-sp/hard/crtbegin.o
LOAD c:/st/stm32cubeide_1.3.0/stm32cubeide/plugins/com.st.stm32cube.ide.mcu.externaltools.gnu-tools-for-stm32.7-2018-q2-update.win32_1.4.0.202007081208/tools/bin/../lib/gcc/arm-none-eabi/7.3.1/../../../../arm-none-eabi/lib/thumb/v7e-m/fpv4-sp/hard/crt0.o
LOAD Core/Src/freertos.o
LOAD Core/Src/main.o
LOAD Core/Src/stm32f4xx_hal_msp.o
LOAD Core/Src/stm32f4xx_hal_timebase_tim.o
LOAD Core/Src/stm32f4xx_it.o
LOAD Core/Src/syscalls.o
LOAD Core/Src/sysmem.o
LOAD Core/Src/system_stm32f4xx.o
LOAD Core/Startup/startup_stm32f407vgtx.o
LOAD Drivers/STM32F4xx_HAL_Driver/Src/stm32f4xx_hal.o
LOAD Drivers/STM32F4xx_HAL_Driver/Src/stm32f4xx_hal_adc.o
LOAD Drivers/STM32F4xx_HAL_Driver/Src/stm32f4xx_hal_adc_ex.o
LOAD Drivers/STM32F4xx_HAL_Driver/Src/stm32f4xx_hal_cortex.o
LOAD Drivers/STM32F4xx_HAL_Driver/Src/stm32f4xx_hal_dma.o
LOAD Drivers/STM32F4xx_HAL_Driver/Src/stm32f4xx_hal_dma_ex.o
LOAD Drivers/STM32F4xx_HAL_Driver/Src/stm32f4xx_hal_exti.o
LOAD Drivers/STM32F4xx_HAL_Driver/Src/stm32f4xx_hal_flash.o
LOAD Drivers/STM32F4xx_HAL_Driver/Src/stm32f4xx_hal_flash_ex.o
LOAD Drivers/STM32F4xx_HAL_Driver/Src/stm32f4xx_hal_flash_ramfunc.o
LOAD Drivers/STM32F4xx_HAL_Driver/Src/stm32f4xx_hal_gpio.o
LOAD Drivers/STM32F4xx_HAL_Driver/Src/stm32f4xx_hal_i2c.o
LOAD Drivers/STM32F4xx_HAL_Driver/Src/stm32f4xx_hal_i2c_ex.o
LOAD Drivers/STM32F4xx_HAL_Driver/Src/stm32f4xx_hal_pcd.o
LOAD Drivers/STM32F4xx_HAL_Driver/Src/stm32f4xx_hal_pcd_ex.o
LOAD Drivers/STM32F4xx_HAL_Driver/Src/stm32f4xx_hal_pwr.o
LOAD Drivers/STM32F4xx_HAL_Driver/Src/stm32f4xx_hal_pwr_ex.o
LOAD Drivers/STM32F4xx_HAL_Driver/Src/stm32f4xx_hal_rcc.o
LOAD Drivers/STM32F4xx_HAL_Driver/Src/stm32f4xx_hal_rcc_ex.o
LOAD Drivers/STM32F4xx_HAL_Driver/Src/stm32f4xx_hal_spi.o
LOAD Drivers/STM32F4xx_HAL_Driver/Src/stm32f4xx_hal_tim.o
LOAD Drivers/STM32F4xx_HAL_Driver/Src/stm32f4xx_hal_tim_ex.o
LOAD Drivers/STM32F4xx_HAL_Driver/Src/stm32f4xx_hal_uart.o
LOAD Drivers/STM32F4xx_HAL_Driver/Src/stm32f4xx_ll_usb.o
LOAD Middlewares/Third_Party/FreeRTOS/Source/CMSIS_RTOS_V2/cmsis_os2.o
LOAD Middlewares/Third_Party/FreeRTOS/Source/croutine.o
LOAD Middlewares/Third_Party/FreeRTOS/Source/event_groups.o
LOAD Middlewares/Third_Party/FreeRTOS/Source/list.o
LOAD Middlewares/Third_Party/FreeRTOS/Source/queue.o
LOAD Middlewares/Third_Party/FreeRTOS/Source/stream_buffer.o
LOAD Middlewares/Third_Party/FreeRTOS/Source/tasks.o
LOAD Middlewares/Third_Party/FreeRTOS/Source/timers.o
LOAD Middlewares/Third_Party/FreeRTOS/Source/portable/GCC/ARM_CM4F/port.o
LOAD Middlewares/Third_Party/FreeRTOS/Source/portable/MemMang/heap_4.o
START GROUP
LOAD c:/st/stm32cubeide_1.3.0/stm32cubeide/plugins/com.st.stm32cube.ide.mcu.externaltools.gnu-tools-for-stm32.7-2018-q2-update.win32_1.4.0.202007081208/tools/bin/../lib/gcc/arm-none-eabi/7.3.1/../../../../arm-none-eabi/lib/thumb/v7e-m/fpv4-sp/hard\libc_nano.a
LOAD c:/st/stm32cubeide_1.3.0/stm32cubeide/plugins/com.st.stm32cube.ide.mcu.externaltools.gnu-tools-for-stm32.7-2018-q2-update.win32_1.4.0.202007081208/tools/bin/../lib/gcc/arm-none-eabi/7.3.1/../../../../arm-none-eabi/lib/thumb/v7e-m/fpv4-sp/hard\libm.a
END GROUP
START GROUP
LOAD c:/st/stm32cubeide_1.3.0/stm32cubeide/plugins/com.st.stm32cube.ide.mcu.externaltools.gnu-tools-for-stm32.7-2018-q2-update.win32_1.4.0.202007081208/tools/bin/../lib/gcc/arm-none-eabi/7.3.1/thumb/v7e-m/fpv4-sp/hard\libgcc.a
LOAD c:/st/stm32cubeide_1.3.0/stm32cubeide/plugins/com.st.stm32cube.ide.mcu.externaltools.gnu-tools-for-stm32.7-2018-q2-update.win32_1.4.0.202007081208/tools/bin/../lib/gcc/arm-none-eabi/7.3.1/../../../../arm-none-eabi/lib/thumb/v7e-m/fpv4-sp/hard\libc_nano.a
END GROUP
START GROUP
LOAD c:/st/stm32cubeide_1.3.0/stm32cubeide/plugins/com.st.stm32cube.ide.mcu.externaltools.gnu-tools-for-stm32.7-2018-q2-update.win32_1.4.0.202007081208/tools/bin/../lib/gcc/arm-none-eabi/7.3.1/thumb/v7e-m/fpv4-sp/hard\libgcc.a
LOAD c:/st/stm32cubeide_1.3.0/stm32cubeide/plugins/com.st.stm32cube.ide.mcu.externaltools.gnu-tools-for-stm32.7-2018-q2-update.win32_1.4.0.202007081208/tools/bin/../lib/gcc/arm-none-eabi/7.3.1/../../../../arm-none-eabi/lib/thumb/v7e-m/fpv4-sp/hard\libc_nano.a
LOAD c:/st/stm32cubeide_1.3.0/stm32cubeide/plugins/com.st.stm32cube.ide.mcu.externaltools.gnu-tools-for-stm32.7-2018-q2-update.win32_1.4.0.202007081208/tools/bin/../lib/gcc/arm-none-eabi/7.3.1/../../../../arm-none-eabi/lib/thumb/v7e-m/fpv4-sp/hard\libnosys.a
END GROUP
START GROUP
LOAD c:/st/stm32cubeide_1.3.0/stm32cubeide/plugins/com.st.stm32cube.ide.mcu.externaltools.gnu-tools-for-stm32.7-2018-q2-update.win32_1.4.0.202007081208/tools/bin/../lib/gcc/arm-none-eabi/7.3.1/thumb/v7e-m/fpv4-sp/hard\libgcc.a
LOAD c:/st/stm32cubeide_1.3.0/stm32cubeide/plugins/com.st.stm32cube.ide.mcu.externaltools.gnu-tools-for-stm32.7-2018-q2-update.win32_1.4.0.202007081208/tools/bin/../lib/gcc/arm-none-eabi/7.3.1/../../../../arm-none-eabi/lib/thumb/v7e-m/fpv4-sp/hard\libc_nano.a
LOAD c:/st/stm32cubeide_1.3.0/stm32cubeide/plugins/com.st.stm32cube.ide.mcu.externaltools.gnu-tools-for-stm32.7-2018-q2-update.win32_1.4.0.202007081208/tools/bin/../lib/gcc/arm-none-eabi/7.3.1/../../../../arm-none-eabi/lib/thumb/v7e-m/fpv4-sp/hard\libnosys.a
END GROUP
LOAD c:/st/stm32cubeide_1.3.0/stm32cubeide/plugins/com.st.stm32cube.ide.mcu.externaltools.gnu-tools-for-stm32.7-2018-q2-update.win32_1.4.0.202007081208/tools/bin/../lib/gcc/arm-none-eabi/7.3.1/thumb/v7e-m/fpv4-sp/hard/crtend.o
LOAD c:/st/stm32cubeide_1.3.0/stm32cubeide/plugins/com.st.stm32cube.ide.mcu.externaltools.gnu-tools-for-stm32.7-2018-q2-update.win32_1.4.0.202007081208/tools/bin/../lib/gcc/arm-none-eabi/7.3.1/thumb/v7e-m/fpv4-sp/hard/crtn.o
                0x0000000020020000                _estack = (ORIGIN (RAM) + LENGTH (RAM))
                0x0000000000000200                _Min_Heap_Size = 0x200
                0x0000000000000400                _Min_Stack_Size = 0x400

.isr_vector     0x0000000008000000      0x188
                0x0000000008000000                . = ALIGN (0x4)
 *(.isr_vector)
 .isr_vector    0x0000000008000000      0x188 Core/Startup/startup_stm32f407vgtx.o
                0x0000000008000000                g_pfnVectors
                0x0000000008000188                . = ALIGN (0x4)

.text           0x0000000008000190     0x50f4
                0x0000000008000190                . = ALIGN (0x4)
 *(.text)
 .text          0x0000000008000190       0x40 c:/st/stm32cubeide_1.3.0/stm32cubeide/plugins/com.st.stm32cube.ide.mcu.externaltools.gnu-tools-for-stm32.7-2018-q2-update.win32_1.4.0.202007081208/tools/bin/../lib/gcc/arm-none-eabi/7.3.1/thumb/v7e-m/fpv4-sp/hard/crtbegin.o
 .text          0x00000000080001d0       0x30 c:/st/stm32cubeide_1.3.0/stm32cubeide/plugins/com.st.stm32cube.ide.mcu.externaltools.gnu-tools-for-stm32.7-2018-q2-update.win32_1.4.0.202007081208/tools/bin/../lib/gcc/arm-none-eabi/7.3.1/thumb/v7e-m/fpv4-sp/hard\libgcc.a(_aeabi_uldivmod.o)
                0x00000000080001d0                __aeabi_uldivmod
 .text          0x0000000008000200      0x2cc c:/st/stm32cubeide_1.3.0/stm32cubeide/plugins/com.st.stm32cube.ide.mcu.externaltools.gnu-tools-for-stm32.7-2018-q2-update.win32_1.4.0.202007081208/tools/bin/../lib/gcc/arm-none-eabi/7.3.1/thumb/v7e-m/fpv4-sp/hard\libgcc.a(_udivmoddi4.o)
                0x0000000008000200                __udivmoddi4
 .text          0x00000000080004cc        0x4 c:/st/stm32cubeide_1.3.0/stm32cubeide/plugins/com.st.stm32cube.ide.mcu.externaltools.gnu-tools-for-stm32.7-2018-q2-update.win32_1.4.0.202007081208/tools/bin/../lib/gcc/arm-none-eabi/7.3.1/thumb/v7e-m/fpv4-sp/hard\libgcc.a(_dvmd_tls.o)
                0x00000000080004cc                __aeabi_idiv0
                0x00000000080004cc                __aeabi_ldiv0
 *(.text*)
 .text.StartDefaultTask
                0x00000000080004d0        0xa Core/Src/main.o
                0x00000000080004d0                StartDefaultTask
 *fill*         0x00000000080004da        0x2 
 .text.Task01   0x00000000080004dc       0x2c Core/Src/main.o
                0x00000000080004dc                Task01
 .text.Task02   0x0000000008000508        0xa Core/Src/main.o
                0x0000000008000508                Task02
 .text.Task03   0x0000000008000512        0xc Core/Src/main.o
                0x0000000008000512                Task03
 *fill*         0x000000000800051e        0x2 
 .text.Task06   0x0000000008000520       0x20 Core/Src/main.o
                0x0000000008000520                Task06
 .text.Task04   0x0000000008000540        0xc Core/Src/main.o
                0x0000000008000540                Task04
 .text.FEES_Init
                0x000000000800054c      0x2c8 Core/Src/main.o
                0x000000000800054c                FEES_Init
 .text.FEES_Pin_ON
                0x0000000008000814        0x8 Core/Src/main.o
                0x0000000008000814                FEES_Pin_ON
 .text.FEES_Pin_OFF
                0x000000000800081c        0x8 Core/Src/main.o
                0x000000000800081c                FEES_Pin_OFF
 .text.FEES_Pin_Toggle
                0x0000000008000824       0x40 Core/Src/main.o
                0x0000000008000824                FEES_Pin_Toggle
 .text.Task05   0x0000000008000864       0x14 Core/Src/main.o
                0x0000000008000864                Task05
 .text.FEES_Startup_PWM_BATTERY
                0x0000000008000878       0xcc Core/Src/main.o
                0x0000000008000878                FEES_Startup_PWM_BATTERY
 .text.SystemClock_Config
                0x0000000008000944       0x90 Core/Src/main.o
                0x0000000008000944                SystemClock_Config
 .text.startup.main
                0x00000000080009d4      0x504 Core/Src/main.o
                0x00000000080009d4                main
 .text.HAL_TIM_PeriodElapsedCallback
                0x0000000008000ed8       0x14 Core/Src/main.o
                0x0000000008000ed8                HAL_TIM_PeriodElapsedCallback
 .text.HAL_MspInit
                0x0000000008000eec       0x38 Core/Src/stm32f4xx_hal_msp.o
                0x0000000008000eec                HAL_MspInit
 .text.HAL_ADC_MspInit
                0x0000000008000f24       0x30 Core/Src/stm32f4xx_hal_msp.o
                0x0000000008000f24                HAL_ADC_MspInit
 .text.HAL_I2C_MspInit
                0x0000000008000f54       0xcc Core/Src/stm32f4xx_hal_msp.o
                0x0000000008000f54                HAL_I2C_MspInit
 .text.HAL_SPI_MspInit
                0x0000000008001020      0x114 Core/Src/stm32f4xx_hal_msp.o
                0x0000000008001020                HAL_SPI_MspInit
 .text.HAL_TIM_Base_MspInit
                0x0000000008001134       0x2c Core/Src/stm32f4xx_hal_msp.o
                0x0000000008001134                HAL_TIM_Base_MspInit
 .text.HAL_TIM_PWM_MspInit
                0x0000000008001160       0x30 Core/Src/stm32f4xx_hal_msp.o
                0x0000000008001160                HAL_TIM_PWM_MspInit
 .text.HAL_TIM_MspPostInit
                0x0000000008001190       0x88 Core/Src/stm32f4xx_hal_msp.o
                0x0000000008001190                HAL_TIM_MspPostInit
 .text.HAL_UART_MspInit
                0x0000000008001218      0x14c Core/Src/stm32f4xx_hal_msp.o
                0x0000000008001218                HAL_UART_MspInit
 .text.HAL_PCD_MspInit
                0x0000000008001364       0x90 Core/Src/stm32f4xx_hal_msp.o
                0x0000000008001364                HAL_PCD_MspInit
 .text.HAL_InitTick
                0x00000000080013f4       0x78 Core/Src/stm32f4xx_hal_timebase_tim.o
                0x00000000080013f4                HAL_InitTick
 .text.NMI_Handler
                0x000000000800146c        0x2 Core/Src/stm32f4xx_it.o
                0x000000000800146c                NMI_Handler
 .text.HardFault_Handler
                0x000000000800146e        0x2 Core/Src/stm32f4xx_it.o
                0x000000000800146e                HardFault_Handler
 .text.MemManage_Handler
                0x0000000008001470        0x2 Core/Src/stm32f4xx_it.o
                0x0000000008001470                MemManage_Handler
 .text.BusFault_Handler
                0x0000000008001472        0x2 Core/Src/stm32f4xx_it.o
                0x0000000008001472                BusFault_Handler
 .text.UsageFault_Handler
                0x0000000008001474        0x2 Core/Src/stm32f4xx_it.o
                0x0000000008001474                UsageFault_Handler
 .text.DebugMon_Handler
                0x0000000008001476        0x2 Core/Src/stm32f4xx_it.o
                0x0000000008001476                DebugMon_Handler
 .text.TIM6_DAC_IRQHandler
                0x0000000008001478        0xc Core/Src/stm32f4xx_it.o
                0x0000000008001478                TIM6_DAC_IRQHandler
 .text.OTG_FS_IRQHandler
                0x0000000008001484        0xc Core/Src/stm32f4xx_it.o
                0x0000000008001484                OTG_FS_IRQHandler
 .text.SystemInit
                0x0000000008001490       0x1c Core/Src/system_stm32f4xx.o
                0x0000000008001490                SystemInit
 .text.Reset_Handler
                0x00000000080014ac       0x50 Core/Startup/startup_stm32f407vgtx.o
                0x00000000080014ac                Reset_Handler
 .text.Default_Handler
                0x00000000080014fc        0x2 Core/Startup/startup_stm32f407vgtx.o
                0x00000000080014fc                RTC_Alarm_IRQHandler
                0x00000000080014fc                HASH_RNG_IRQHandler
                0x00000000080014fc                EXTI2_IRQHandler
                0x00000000080014fc                TIM8_CC_IRQHandler
                0x00000000080014fc                TIM1_CC_IRQHandler
                0x00000000080014fc                DMA2_Stream5_IRQHandler
                0x00000000080014fc                DMA1_Stream5_IRQHandler
                0x00000000080014fc                PVD_IRQHandler
                0x00000000080014fc                SDIO_IRQHandler
                0x00000000080014fc                TAMP_STAMP_IRQHandler
                0x00000000080014fc                CAN2_RX1_IRQHandler
                0x00000000080014fc                EXTI3_IRQHandler
                0x00000000080014fc                TIM8_TRG_COM_TIM14_IRQHandler
                0x00000000080014fc                TIM1_UP_TIM10_IRQHandler
                0x00000000080014fc                TIM8_UP_TIM13_IRQHandler
                0x00000000080014fc                I2C3_ER_IRQHandler
                0x00000000080014fc                EXTI0_IRQHandler
                0x00000000080014fc                I2C2_EV_IRQHandler
                0x00000000080014fc                DMA1_Stream2_IRQHandler
                0x00000000080014fc                CAN1_RX0_IRQHandler
                0x00000000080014fc                FPU_IRQHandler
                0x00000000080014fc                OTG_HS_WKUP_IRQHandler
                0x00000000080014fc                CAN2_SCE_IRQHandler
                0x00000000080014fc                DMA2_Stream2_IRQHandler
                0x00000000080014fc                SPI1_IRQHandler
                0x00000000080014fc                TIM1_BRK_TIM9_IRQHandler
                0x00000000080014fc                DCMI_IRQHandler
                0x00000000080014fc                CAN2_RX0_IRQHandler
                0x00000000080014fc                DMA2_Stream3_IRQHandler
                0x00000000080014fc                USART6_IRQHandler
                0x00000000080014fc                USART3_IRQHandler
                0x00000000080014fc                CAN1_RX1_IRQHandler
                0x00000000080014fc                UART5_IRQHandler
                0x00000000080014fc                DMA2_Stream0_IRQHandler
                0x00000000080014fc                TIM4_IRQHandler
                0x00000000080014fc                I2C1_EV_IRQHandler
                0x00000000080014fc                DMA1_Stream6_IRQHandler
                0x00000000080014fc                DMA1_Stream1_IRQHandler
                0x00000000080014fc                UART4_IRQHandler
                0x00000000080014fc                TIM3_IRQHandler
                0x00000000080014fc                RCC_IRQHandler
                0x00000000080014fc                TIM8_BRK_TIM12_IRQHandler
                0x00000000080014fc                Default_Handler
                0x00000000080014fc                EXTI15_10_IRQHandler
                0x00000000080014fc                ADC_IRQHandler
                0x00000000080014fc                DMA1_Stream7_IRQHandler
                0x00000000080014fc                TIM7_IRQHandler
                0x00000000080014fc                CAN2_TX_IRQHandler
                0x00000000080014fc                TIM5_IRQHandler
                0x00000000080014fc                DMA2_Stream7_IRQHandler
                0x00000000080014fc                I2C3_EV_IRQHandler
                0x00000000080014fc                EXTI9_5_IRQHandler
                0x00000000080014fc                RTC_WKUP_IRQHandler
                0x00000000080014fc                ETH_WKUP_IRQHandler
                0x00000000080014fc                SPI2_IRQHandler
                0x00000000080014fc                OTG_HS_EP1_IN_IRQHandler
                0x00000000080014fc                DMA1_Stream0_IRQHandler
                0x00000000080014fc                CAN1_TX_IRQHandler
                0x00000000080014fc                EXTI4_IRQHandler
                0x00000000080014fc                FSMC_IRQHandler
                0x00000000080014fc                ETH_IRQHandler
                0x00000000080014fc                OTG_HS_EP1_OUT_IRQHandler
                0x00000000080014fc                WWDG_IRQHandler
                0x00000000080014fc                TIM2_IRQHandler
                0x00000000080014fc                OTG_FS_WKUP_IRQHandler
                0x00000000080014fc                TIM1_TRG_COM_TIM11_IRQHandler
                0x00000000080014fc                OTG_HS_IRQHandler
                0x00000000080014fc                EXTI1_IRQHandler
                0x00000000080014fc                USART2_IRQHandler
                0x00000000080014fc                I2C2_ER_IRQHandler
                0x00000000080014fc                DMA2_Stream1_IRQHandler
                0x00000000080014fc                CAN1_SCE_IRQHandler
                0x00000000080014fc                FLASH_IRQHandler
                0x00000000080014fc                DMA2_Stream4_IRQHandler
                0x00000000080014fc                USART1_IRQHandler
                0x00000000080014fc                SPI3_IRQHandler
                0x00000000080014fc                DMA1_Stream4_IRQHandler
                0x00000000080014fc                I2C1_ER_IRQHandler
                0x00000000080014fc                DMA2_Stream6_IRQHandler
                0x00000000080014fc                DMA1_Stream3_IRQHandler
 *fill*         0x00000000080014fe        0x2 
 .text.HAL_Init
                0x0000000008001500       0x34 Drivers/STM32F4xx_HAL_Driver/Src/stm32f4xx_hal.o
                0x0000000008001500                HAL_Init
 .text.HAL_IncTick
                0x0000000008001534       0x18 Drivers/STM32F4xx_HAL_Driver/Src/stm32f4xx_hal.o
                0x0000000008001534                HAL_IncTick
 .text.HAL_GetTick
                0x000000000800154c        0xc Drivers/STM32F4xx_HAL_Driver/Src/stm32f4xx_hal.o
                0x000000000800154c                HAL_GetTick
 .text.HAL_Delay
                0x0000000008001558       0x28 Drivers/STM32F4xx_HAL_Driver/Src/stm32f4xx_hal.o
                0x0000000008001558                HAL_Delay
 .text.HAL_ADC_Init
                0x0000000008001580      0x14c Drivers/STM32F4xx_HAL_Driver/Src/stm32f4xx_hal_adc.o
                0x0000000008001580                HAL_ADC_Init
 .text.HAL_ADC_ConfigChannel
                0x00000000080016cc      0x120 Drivers/STM32F4xx_HAL_Driver/Src/stm32f4xx_hal_adc.o
                0x00000000080016cc                HAL_ADC_ConfigChannel
 .text.HAL_NVIC_SetPriorityGrouping
                0x00000000080017ec       0x24 Drivers/STM32F4xx_HAL_Driver/Src/stm32f4xx_hal_cortex.o
                0x00000000080017ec                HAL_NVIC_SetPriorityGrouping
 .text.HAL_NVIC_SetPriority
                0x0000000008001810       0x68 Drivers/STM32F4xx_HAL_Driver/Src/stm32f4xx_hal_cortex.o
                0x0000000008001810                HAL_NVIC_SetPriority
 .text.HAL_NVIC_EnableIRQ
                0x0000000008001878       0x1c Drivers/STM32F4xx_HAL_Driver/Src/stm32f4xx_hal_cortex.o
                0x0000000008001878                HAL_NVIC_EnableIRQ
 .text.HAL_DMA_Start_IT
                0x0000000008001894       0x74 Drivers/STM32F4xx_HAL_Driver/Src/stm32f4xx_hal_dma.o
                0x0000000008001894                HAL_DMA_Start_IT
 .text.HAL_GPIO_Init
                0x0000000008001908      0x1c0 Drivers/STM32F4xx_HAL_Driver/Src/stm32f4xx_hal_gpio.o
                0x0000000008001908                HAL_GPIO_Init
 .text.HAL_GPIO_WritePin
                0x0000000008001ac8        0xa Drivers/STM32F4xx_HAL_Driver/Src/stm32f4xx_hal_gpio.o
                0x0000000008001ac8                HAL_GPIO_WritePin
 *fill*         0x0000000008001ad2        0x2 
 .text.HAL_I2C_Init
                0x0000000008001ad4      0x158 Drivers/STM32F4xx_HAL_Driver/Src/stm32f4xx_hal_i2c.o
                0x0000000008001ad4                HAL_I2C_Init
 .text.HAL_PCD_Init
                0x0000000008001c2c      0x10e Drivers/STM32F4xx_HAL_Driver/Src/stm32f4xx_hal_pcd.o
                0x0000000008001c2c                HAL_PCD_Init
 .text.HAL_PCD_DataOutStageCallback
                0x0000000008001d3a        0x2 Drivers/STM32F4xx_HAL_Driver/Src/stm32f4xx_hal_pcd.o
                0x0000000008001d3a                HAL_PCD_DataOutStageCallback
 .text.HAL_PCD_DataInStageCallback
                0x0000000008001d3c        0x2 Drivers/STM32F4xx_HAL_Driver/Src/stm32f4xx_hal_pcd.o
                0x0000000008001d3c                HAL_PCD_DataInStageCallback
 .text.HAL_PCD_SetupStageCallback
                0x0000000008001d3e        0x2 Drivers/STM32F4xx_HAL_Driver/Src/stm32f4xx_hal_pcd.o
                0x0000000008001d3e                HAL_PCD_SetupStageCallback
 .text.HAL_PCD_SOFCallback
                0x0000000008001d40        0x2 Drivers/STM32F4xx_HAL_Driver/Src/stm32f4xx_hal_pcd.o
                0x0000000008001d40                HAL_PCD_SOFCallback
 .text.HAL_PCD_ResetCallback
                0x0000000008001d42        0x2 Drivers/STM32F4xx_HAL_Driver/Src/stm32f4xx_hal_pcd.o
                0x0000000008001d42                HAL_PCD_ResetCallback
 .text.HAL_PCD_SuspendCallback
                0x0000000008001d44        0x2 Drivers/STM32F4xx_HAL_Driver/Src/stm32f4xx_hal_pcd.o
                0x0000000008001d44                HAL_PCD_SuspendCallback
 .text.HAL_PCD_ResumeCallback
                0x0000000008001d46        0x2 Drivers/STM32F4xx_HAL_Driver/Src/stm32f4xx_hal_pcd.o
                0x0000000008001d46                HAL_PCD_ResumeCallback
 .text.HAL_PCD_ISOOUTIncompleteCallback
                0x0000000008001d48        0x2 Drivers/STM32F4xx_HAL_Driver/Src/stm32f4xx_hal_pcd.o
                0x0000000008001d48                HAL_PCD_ISOOUTIncompleteCallback
 .text.HAL_PCD_ISOINIncompleteCallback
                0x0000000008001d4a        0x2 Drivers/STM32F4xx_HAL_Driver/Src/stm32f4xx_hal_pcd.o
                0x0000000008001d4a                HAL_PCD_ISOINIncompleteCallback
 .text.HAL_PCD_ConnectCallback
                0x0000000008001d4c        0x2 Drivers/STM32F4xx_HAL_Driver/Src/stm32f4xx_hal_pcd.o
                0x0000000008001d4c                HAL_PCD_ConnectCallback
 .text.HAL_PCD_DisconnectCallback
                0x0000000008001d4e        0x2 Drivers/STM32F4xx_HAL_Driver/Src/stm32f4xx_hal_pcd.o
                0x0000000008001d4e                HAL_PCD_DisconnectCallback
 .text.HAL_PCD_IRQHandler
                0x0000000008001d50      0x570 Drivers/STM32F4xx_HAL_Driver/Src/stm32f4xx_hal_pcd.o
                0x0000000008001d50                HAL_PCD_IRQHandler
 .text.HAL_PCDEx_LPM_Callback
                0x00000000080022c0        0x2 Drivers/STM32F4xx_HAL_Driver/Src/stm32f4xx_hal_pcd_ex.o
                0x00000000080022c0                HAL_PCDEx_LPM_Callback
 *fill*         0x00000000080022c2        0x2 
 .text.HAL_RCC_OscConfig
                0x00000000080022c4      0x34c Drivers/STM32F4xx_HAL_Driver/Src/stm32f4xx_hal_rcc.o
                0x00000000080022c4                HAL_RCC_OscConfig
 .text.HAL_RCC_GetSysClockFreq
                0x0000000008002610       0x5c Drivers/STM32F4xx_HAL_Driver/Src/stm32f4xx_hal_rcc.o
                0x0000000008002610                HAL_RCC_GetSysClockFreq
 .text.HAL_RCC_ClockConfig
                0x000000000800266c      0x134 Drivers/STM32F4xx_HAL_Driver/Src/stm32f4xx_hal_rcc.o
                0x000000000800266c                HAL_RCC_ClockConfig
 .text.HAL_RCC_GetHCLKFreq
                0x00000000080027a0        0xc Drivers/STM32F4xx_HAL_Driver/Src/stm32f4xx_hal_rcc.o
                0x00000000080027a0                HAL_RCC_GetHCLKFreq
 .text.HAL_RCC_GetPCLK1Freq
                0x00000000080027ac       0x20 Drivers/STM32F4xx_HAL_Driver/Src/stm32f4xx_hal_rcc.o
                0x00000000080027ac                HAL_RCC_GetPCLK1Freq
 .text.HAL_RCC_GetPCLK2Freq
                0x00000000080027cc       0x20 Drivers/STM32F4xx_HAL_Driver/Src/stm32f4xx_hal_rcc.o
                0x00000000080027cc                HAL_RCC_GetPCLK2Freq
 .text.HAL_RCC_GetClockConfig
                0x00000000080027ec       0x3c Drivers/STM32F4xx_HAL_Driver/Src/stm32f4xx_hal_rcc.o
                0x00000000080027ec                HAL_RCC_GetClockConfig
 .text.HAL_SPI_Init
                0x0000000008002828       0x7a Drivers/STM32F4xx_HAL_Driver/Src/stm32f4xx_hal_spi.o
                0x0000000008002828                HAL_SPI_Init
 *fill*         0x00000000080028a2        0x2 
 .text.TIM_OC1_SetConfig
                0x00000000080028a4       0x64 Drivers/STM32F4xx_HAL_Driver/Src/stm32f4xx_hal_tim.o
 .text.TIM_OC3_SetConfig
                0x0000000008002908       0x6c Drivers/STM32F4xx_HAL_Driver/Src/stm32f4xx_hal_tim.o
 .text.TIM_OC4_SetConfig
                0x0000000008002974       0x4c Drivers/STM32F4xx_HAL_Driver/Src/stm32f4xx_hal_tim.o
 .text.HAL_TIM_Base_Start_IT
                0x00000000080029c0       0x20 Drivers/STM32F4xx_HAL_Driver/Src/stm32f4xx_hal_tim.o
                0x00000000080029c0                HAL_TIM_Base_Start_IT
 .text.HAL_TIM_OC_DelayElapsedCallback
                0x00000000080029e0        0x2 Drivers/STM32F4xx_HAL_Driver/Src/stm32f4xx_hal_tim.o
                0x00000000080029e0                HAL_TIM_OC_DelayElapsedCallback
 .text.HAL_TIM_IC_CaptureCallback
                0x00000000080029e2        0x2 Drivers/STM32F4xx_HAL_Driver/Src/stm32f4xx_hal_tim.o
                0x00000000080029e2                HAL_TIM_IC_CaptureCallback
 .text.HAL_TIM_PWM_PulseFinishedCallback
                0x00000000080029e4        0x2 Drivers/STM32F4xx_HAL_Driver/Src/stm32f4xx_hal_tim.o
                0x00000000080029e4                HAL_TIM_PWM_PulseFinishedCallback
 .text.HAL_TIM_TriggerCallback
                0x00000000080029e6        0x2 Drivers/STM32F4xx_HAL_Driver/Src/stm32f4xx_hal_tim.o
                0x00000000080029e6                HAL_TIM_TriggerCallback
 .text.HAL_TIM_IRQHandler
                0x00000000080029e8      0x144 Drivers/STM32F4xx_HAL_Driver/Src/stm32f4xx_hal_tim.o
                0x00000000080029e8                HAL_TIM_IRQHandler
 .text.TIM_Base_SetConfig
                0x0000000008002b2c       0xcc Drivers/STM32F4xx_HAL_Driver/Src/stm32f4xx_hal_tim.o
                0x0000000008002b2c                TIM_Base_SetConfig
 .text.HAL_TIM_Base_Init
                0x0000000008002bf8       0x34 Drivers/STM32F4xx_HAL_Driver/Src/stm32f4xx_hal_tim.o
                0x0000000008002bf8                HAL_TIM_Base_Init
 .text.HAL_TIM_PWM_Init
                0x0000000008002c2c       0x34 Drivers/STM32F4xx_HAL_Driver/Src/stm32f4xx_hal_tim.o
                0x0000000008002c2c                HAL_TIM_PWM_Init
 .text.TIM_OC2_SetConfig
                0x0000000008002c60       0x6c Drivers/STM32F4xx_HAL_Driver/Src/stm32f4xx_hal_tim.o
                0x0000000008002c60                TIM_OC2_SetConfig
 .text.HAL_TIM_PWM_ConfigChannel
                0x0000000008002ccc       0xc4 Drivers/STM32F4xx_HAL_Driver/Src/stm32f4xx_hal_tim.o
                0x0000000008002ccc                HAL_TIM_PWM_ConfigChannel
 .text.TIM_ETR_SetConfig
                0x0000000008002d90       0x14 Drivers/STM32F4xx_HAL_Driver/Src/stm32f4xx_hal_tim.o
                0x0000000008002d90                TIM_ETR_SetConfig
 .text.HAL_TIM_ConfigClockSource
                0x0000000008002da4      0x128 Drivers/STM32F4xx_HAL_Driver/Src/stm32f4xx_hal_tim.o
                0x0000000008002da4                HAL_TIM_ConfigClockSource
 .text.TIM_CCxChannelCmd
                0x0000000008002ecc       0x1c Drivers/STM32F4xx_HAL_Driver/Src/stm32f4xx_hal_tim.o
                0x0000000008002ecc                TIM_CCxChannelCmd
 .text.HAL_TIM_OC_Start
                0x0000000008002ee8       0x40 Drivers/STM32F4xx_HAL_Driver/Src/stm32f4xx_hal_tim.o
                0x0000000008002ee8                HAL_TIM_OC_Start
 .text.HAL_TIM_PWM_Start
                0x0000000008002f28        0x4 Drivers/STM32F4xx_HAL_Driver/Src/stm32f4xx_hal_tim.o
                0x0000000008002f28                HAL_TIM_PWM_Start
 .text.HAL_TIM_PWM_Stop
                0x0000000008002f2c       0x64 Drivers/STM32F4xx_HAL_Driver/Src/stm32f4xx_hal_tim.o
                0x0000000008002f2c                HAL_TIM_PWM_Stop
 .text.HAL_TIMEx_MasterConfigSynchronization
                0x0000000008002f90       0x84 Drivers/STM32F4xx_HAL_Driver/Src/stm32f4xx_hal_tim_ex.o
                0x0000000008002f90                HAL_TIMEx_MasterConfigSynchronization
 .text.HAL_TIMEx_CommutCallback
                0x0000000008003014        0x2 Drivers/STM32F4xx_HAL_Driver/Src/stm32f4xx_hal_tim_ex.o
                0x0000000008003014                HAL_TIMEx_CommutCallback
 .text.HAL_TIMEx_BreakCallback
                0x0000000008003016        0x2 Drivers/STM32F4xx_HAL_Driver/Src/stm32f4xx_hal_tim_ex.o
                0x0000000008003016                HAL_TIMEx_BreakCallback
 .text.UART_EndRxTransfer
                0x0000000008003018       0x1a Drivers/STM32F4xx_HAL_Driver/Src/stm32f4xx_hal_uart.o
 *fill*         0x0000000008003032        0x2 
 .text.UART_SetConfig
                0x0000000008003034       0xe0 Drivers/STM32F4xx_HAL_Driver/Src/stm32f4xx_hal_uart.o
 .text.UART_DMAReceiveCplt
                0x0000000008003114       0x34 Drivers/STM32F4xx_HAL_Driver/Src/stm32f4xx_hal_uart.o
 .text.HAL_UART_Init
                0x0000000008003148       0x5c Drivers/STM32F4xx_HAL_Driver/Src/stm32f4xx_hal_uart.o
                0x0000000008003148                HAL_UART_Init
 .text.HAL_UART_Receive_DMA
                0x00000000080031a4       0x90 Drivers/STM32F4xx_HAL_Driver/Src/stm32f4xx_hal_uart.o
                0x00000000080031a4                HAL_UART_Receive_DMA
 .text.HAL_UART_RxHalfCpltCallback
                0x0000000008003234        0x2 Drivers/STM32F4xx_HAL_Driver/Src/stm32f4xx_hal_uart.o
                0x0000000008003234                HAL_UART_RxHalfCpltCallback
 .text.UART_DMARxHalfCplt
                0x0000000008003236        0xa Drivers/STM32F4xx_HAL_Driver/Src/stm32f4xx_hal_uart.o
 .text.HAL_UART_ErrorCallback
                0x0000000008003240        0x2 Drivers/STM32F4xx_HAL_Driver/Src/stm32f4xx_hal_uart.o
                0x0000000008003240                HAL_UART_ErrorCallback
 .text.UART_DMAError
                0x0000000008003242       0x4e Drivers/STM32F4xx_HAL_Driver/Src/stm32f4xx_hal_uart.o
 .text.USB_CoreReset
                0x0000000008003290       0x30 Drivers/STM32F4xx_HAL_Driver/Src/stm32f4xx_ll_usb.o
 .text.USB_CoreInit
                0x00000000080032c0       0x80 Drivers/STM32F4xx_HAL_Driver/Src/stm32f4xx_ll_usb.o
                0x00000000080032c0                USB_CoreInit
 .text.USB_SetTurnaroundTime
                0x0000000008003340       0xe8 Drivers/STM32F4xx_HAL_Driver/Src/stm32f4xx_ll_usb.o
                0x0000000008003340                USB_SetTurnaroundTime
 .text.USB_DisableGlobalInt
                0x0000000008003428        0xc Drivers/STM32F4xx_HAL_Driver/Src/stm32f4xx_ll_usb.o
                0x0000000008003428                USB_DisableGlobalInt
 .text.USB_SetCurrentMode
                0x0000000008003434       0x2e Drivers/STM32F4xx_HAL_Driver/Src/stm32f4xx_ll_usb.o
                0x0000000008003434                USB_SetCurrentMode
 *fill*         0x0000000008003462        0x2 
 .text.USB_FlushTxFifo
                0x0000000008003464       0x24 Drivers/STM32F4xx_HAL_Driver/Src/stm32f4xx_ll_usb.o
                0x0000000008003464                USB_FlushTxFifo
 .text.USB_FlushRxFifo
                0x0000000008003488       0x20 Drivers/STM32F4xx_HAL_Driver/Src/stm32f4xx_ll_usb.o
                0x0000000008003488                USB_FlushRxFifo
 .text.USB_SetDevSpeed
                0x00000000080034a8        0xe Drivers/STM32F4xx_HAL_Driver/Src/stm32f4xx_ll_usb.o
                0x00000000080034a8                USB_SetDevSpeed
 *fill*         0x00000000080034b6        0x2 
 .text.USB_DevInit
                0x00000000080034b8      0x174 Drivers/STM32F4xx_HAL_Driver/Src/stm32f4xx_ll_usb.o
                0x00000000080034b8                USB_DevInit
 .text.USB_GetDevSpeed
                0x000000000800362c       0x16 Drivers/STM32F4xx_HAL_Driver/Src/stm32f4xx_ll_usb.o
                0x000000000800362c                USB_GetDevSpeed
 .text.USB_WritePacket
                0x0000000008003642       0x28 Drivers/STM32F4xx_HAL_Driver/Src/stm32f4xx_ll_usb.o
                0x0000000008003642                USB_WritePacket
 .text.USB_ReadPacket
                0x000000000800366a       0x1c Drivers/STM32F4xx_HAL_Driver/Src/stm32f4xx_ll_usb.o
                0x000000000800366a                USB_ReadPacket
 .text.USB_DevDisconnect
                0x0000000008003686       0x1c Drivers/STM32F4xx_HAL_Driver/Src/stm32f4xx_ll_usb.o
                0x0000000008003686                USB_DevDisconnect
 .text.USB_ReadInterrupts
                0x00000000080036a2        0x8 Drivers/STM32F4xx_HAL_Driver/Src/stm32f4xx_ll_usb.o
                0x00000000080036a2                USB_ReadInterrupts
 .text.USB_ReadDevAllOutEpInterrupt
                0x00000000080036aa       0x10 Drivers/STM32F4xx_HAL_Driver/Src/stm32f4xx_ll_usb.o
                0x00000000080036aa                USB_ReadDevAllOutEpInterrupt
 .text.USB_ReadDevAllInEpInterrupt
                0x00000000080036ba       0x10 Drivers/STM32F4xx_HAL_Driver/Src/stm32f4xx_ll_usb.o
                0x00000000080036ba                USB_ReadDevAllInEpInterrupt
 .text.USB_ReadDevOutEPInterrupt
                0x00000000080036ca       0x12 Drivers/STM32F4xx_HAL_Driver/Src/stm32f4xx_ll_usb.o
                0x00000000080036ca                USB_ReadDevOutEPInterrupt
 .text.USB_ReadDevInEPInterrupt
                0x00000000080036dc       0x24 Drivers/STM32F4xx_HAL_Driver/Src/stm32f4xx_ll_usb.o
                0x00000000080036dc                USB_ReadDevInEPInterrupt
 .text.USB_GetMode
                0x0000000008003700        0x8 Drivers/STM32F4xx_HAL_Driver/Src/stm32f4xx_ll_usb.o
                0x0000000008003700                USB_GetMode
 .text.USB_ActivateSetup
                0x0000000008003708       0x20 Drivers/STM32F4xx_HAL_Driver/Src/stm32f4xx_ll_usb.o
                0x0000000008003708                USB_ActivateSetup
 .text.USB_EP0_OutStart
                0x0000000008003728       0x4c Drivers/STM32F4xx_HAL_Driver/Src/stm32f4xx_ll_usb.o
                0x0000000008003728                USB_EP0_OutStart
 .text.osKernelInitialize
                0x0000000008003774       0x34 Middlewares/Third_Party/FreeRTOS/Source/CMSIS_RTOS_V2/cmsis_os2.o
                0x0000000008003774                osKernelInitialize
 .text.osKernelStart
                0x00000000080037a8       0x40 Middlewares/Third_Party/FreeRTOS/Source/CMSIS_RTOS_V2/cmsis_os2.o
                0x00000000080037a8                osKernelStart
 .text.osThreadNew
                0x00000000080037e8       0xac Middlewares/Third_Party/FreeRTOS/Source/CMSIS_RTOS_V2/cmsis_os2.o
                0x00000000080037e8                osThreadNew
 .text.osDelay  0x0000000008003894       0x34 Middlewares/Third_Party/FreeRTOS/Source/CMSIS_RTOS_V2/cmsis_os2.o
                0x0000000008003894                osDelay
 .text.vApplicationGetIdleTaskMemory
                0x00000000080038c8       0x18 Middlewares/Third_Party/FreeRTOS/Source/CMSIS_RTOS_V2/cmsis_os2.o
                0x00000000080038c8                vApplicationGetIdleTaskMemory
 .text.vApplicationGetTimerTaskMemory
                0x00000000080038e0       0x18 Middlewares/Third_Party/FreeRTOS/Source/CMSIS_RTOS_V2/cmsis_os2.o
                0x00000000080038e0                vApplicationGetTimerTaskMemory
 .text.vListInitialise
                0x00000000080038f8       0x16 Middlewares/Third_Party/FreeRTOS/Source/list.o
                0x00000000080038f8                vListInitialise
 .text.vListInitialiseItem
                0x000000000800390e        0x6 Middlewares/Third_Party/FreeRTOS/Source/list.o
                0x000000000800390e                vListInitialiseItem
 .text.vListInsertEnd
                0x0000000008003914       0x18 Middlewares/Third_Party/FreeRTOS/Source/list.o
                0x0000000008003914                vListInsertEnd
 .text.vListInsert
                0x000000000800392c       0x2e Middlewares/Third_Party/FreeRTOS/Source/list.o
                0x000000000800392c                vListInsert
 .text.uxListRemove
                0x000000000800395a       0x22 Middlewares/Third_Party/FreeRTOS/Source/list.o
                0x000000000800395a                uxListRemove
 .text.prvIsQueueEmpty
                0x000000000800397c       0x16 Middlewares/Third_Party/FreeRTOS/Source/queue.o
 .text.prvCopyDataToQueue
                0x0000000008003992       0x66 Middlewares/Third_Party/FreeRTOS/Source/queue.o
 .text.prvCopyDataFromQueue
                0x00000000080039f8       0x2a Middlewares/Third_Party/FreeRTOS/Source/queue.o
 .text.prvUnlockQueue
                0x0000000008003a22       0x70 Middlewares/Third_Party/FreeRTOS/Source/queue.o
 *fill*         0x0000000008003a92        0x2 
 .text.xQueueGenericReset
                0x0000000008003a94       0x80 Middlewares/Third_Party/FreeRTOS/Source/queue.o
                0x0000000008003a94                xQueueGenericReset
 .text.xQueueGenericCreateStatic
                0x0000000008003b14       0x9c Middlewares/Third_Party/FreeRTOS/Source/queue.o
                0x0000000008003b14                xQueueGenericCreateStatic
 .text.xQueueGenericSend
                0x0000000008003bb0      0x164 Middlewares/Third_Party/FreeRTOS/Source/queue.o
                0x0000000008003bb0                xQueueGenericSend
 .text.xQueueGenericSendFromISR
                0x0000000008003d14       0xc2 Middlewares/Third_Party/FreeRTOS/Source/queue.o
                0x0000000008003d14                xQueueGenericSendFromISR
 *fill*         0x0000000008003dd6        0x2 
 .text.xQueueReceive
                0x0000000008003dd8      0x140 Middlewares/Third_Party/FreeRTOS/Source/queue.o
                0x0000000008003dd8                xQueueReceive
 .text.vQueueAddToRegistry
                0x0000000008003f18       0x24 Middlewares/Third_Party/FreeRTOS/Source/queue.o
                0x0000000008003f18                vQueueAddToRegistry
 .text.vQueueWaitForMessageRestricted
                0x0000000008003f3c       0x46 Middlewares/Third_Party/FreeRTOS/Source/queue.o
                0x0000000008003f3c                vQueueWaitForMessageRestricted
 *fill*         0x0000000008003f82        0x2 
 .text.prvAddNewTaskToReadyList
                0x0000000008003f84      0x100 Middlewares/Third_Party/FreeRTOS/Source/tasks.o
 .text.prvDeleteTCB
                0x0000000008004084       0x36 Middlewares/Third_Party/FreeRTOS/Source/tasks.o
 *fill*         0x00000000080040ba        0x2 
 .text.prvIdleTask
                0x00000000080040bc       0x64 Middlewares/Third_Party/FreeRTOS/Source/tasks.o
 .text.prvResetNextTaskUnblockTime
                0x0000000008004120       0x24 Middlewares/Third_Party/FreeRTOS/Source/tasks.o
 .text.prvInitialiseNewTask.isra.2
                0x0000000008004144       0x9a Middlewares/Third_Party/FreeRTOS/Source/tasks.o
 *fill*         0x00000000080041de        0x2 
 .text.prvAddCurrentTaskToDelayedList
                0x00000000080041e0       0x74 Middlewares/Third_Party/FreeRTOS/Source/tasks.o
 .text.xTaskCreateStatic
                0x0000000008004254       0x70 Middlewares/Third_Party/FreeRTOS/Source/tasks.o
                0x0000000008004254                xTaskCreateStatic
 .text.xTaskCreate
                0x00000000080042c4       0x5a Middlewares/Third_Party/FreeRTOS/Source/tasks.o
                0x00000000080042c4                xTaskCreate
 *fill*         0x000000000800431e        0x2 
 .text.vTaskStartScheduler
                0x0000000008004320       0x88 Middlewares/Third_Party/FreeRTOS/Source/tasks.o
                0x0000000008004320                vTaskStartScheduler
 .text.vTaskSuspendAll
                0x00000000080043a8       0x10 Middlewares/Third_Party/FreeRTOS/Source/tasks.o
                0x00000000080043a8                vTaskSuspendAll
 .text.xTaskGetTickCount
                0x00000000080043b8        0xc Middlewares/Third_Party/FreeRTOS/Source/tasks.o
                0x00000000080043b8                xTaskGetTickCount
 .text.xTaskIncrementTick
                0x00000000080043c4      0x120 Middlewares/Third_Party/FreeRTOS/Source/tasks.o
                0x00000000080043c4                xTaskIncrementTick
 .text.xTaskResumeAll
                0x00000000080044e4       0xe8 Middlewares/Third_Party/FreeRTOS/Source/tasks.o
                0x00000000080044e4                xTaskResumeAll
 .text.vTaskDelay
                0x00000000080045cc       0x48 Middlewares/Third_Party/FreeRTOS/Source/tasks.o
                0x00000000080045cc                vTaskDelay
 .text.vTaskSwitchContext
                0x0000000008004614       0x78 Middlewares/Third_Party/FreeRTOS/Source/tasks.o
                0x0000000008004614                vTaskSwitchContext
 .text.vTaskPlaceOnEventList
                0x000000000800468c       0x34 Middlewares/Third_Party/FreeRTOS/Source/tasks.o
                0x000000000800468c                vTaskPlaceOnEventList
 .text.vTaskPlaceOnEventListRestricted
                0x00000000080046c0       0x3c Middlewares/Third_Party/FreeRTOS/Source/tasks.o
                0x00000000080046c0                vTaskPlaceOnEventListRestricted
 .text.xTaskRemoveFromEventList
                0x00000000080046fc       0x80 Middlewares/Third_Party/FreeRTOS/Source/tasks.o
                0x00000000080046fc                xTaskRemoveFromEventList
 .text.vTaskInternalSetTimeOutState
                0x000000000800477c       0x18 Middlewares/Third_Party/FreeRTOS/Source/tasks.o
                0x000000000800477c                vTaskInternalSetTimeOutState
 .text.xTaskCheckForTimeOut
                0x0000000008004794       0x78 Middlewares/Third_Party/FreeRTOS/Source/tasks.o
                0x0000000008004794                xTaskCheckForTimeOut
 .text.vTaskMissedYield
                0x000000000800480c        0xc Middlewares/Third_Party/FreeRTOS/Source/tasks.o
                0x000000000800480c                vTaskMissedYield
 .text.xTaskGetSchedulerState
                0x0000000008004818       0x20 Middlewares/Third_Party/FreeRTOS/Source/tasks.o
                0x0000000008004818                xTaskGetSchedulerState
 .text.xTaskPriorityDisinherit
                0x0000000008004838       0x84 Middlewares/Third_Party/FreeRTOS/Source/tasks.o
                0x0000000008004838                xTaskPriorityDisinherit
 .text.prvCheckForValidListAndQueue
                0x00000000080048bc       0x68 Middlewares/Third_Party/FreeRTOS/Source/timers.o
 .text.prvInsertTimerInActiveList
                0x0000000008004924       0x3c Middlewares/Third_Party/FreeRTOS/Source/timers.o
 .text.xTimerCreateTimerTask
                0x0000000008004960       0x64 Middlewares/Third_Party/FreeRTOS/Source/timers.o
                0x0000000008004960                xTimerCreateTimerTask
 .text.xTimerGenericCommand
                0x00000000080049c4       0x58 Middlewares/Third_Party/FreeRTOS/Source/timers.o
                0x00000000080049c4                xTimerGenericCommand
 .text.prvSwitchTimerLists
                0x0000000008004a1c       0x80 Middlewares/Third_Party/FreeRTOS/Source/timers.o
 .text.prvTimerTask
                0x0000000008004a9c      0x220 Middlewares/Third_Party/FreeRTOS/Source/timers.o
 .text.prvTaskExitError
                0x0000000008004cbc       0x40 Middlewares/Third_Party/FreeRTOS/Source/portable/GCC/ARM_CM4F/port.o
 .text.unlikely.prvPortStartFirstTask
                0x0000000008004cfc       0x28 Middlewares/Third_Party/FreeRTOS/Source/portable/GCC/ARM_CM4F/port.o
 .text.unlikely.vPortEnableVFP
                0x0000000008004d24       0x14 Middlewares/Third_Party/FreeRTOS/Source/portable/GCC/ARM_CM4F/port.o
 .text.pxPortInitialiseStack
                0x0000000008004d38       0x2c Middlewares/Third_Party/FreeRTOS/Source/portable/GCC/ARM_CM4F/port.o
                0x0000000008004d38                pxPortInitialiseStack
 *fill*         0x0000000008004d64        0xc 
 .text.SVC_Handler
                0x0000000008004d70       0x24 Middlewares/Third_Party/FreeRTOS/Source/portable/GCC/ARM_CM4F/port.o
                0x0000000008004d70                SVC_Handler
 .text.vPortEnterCritical
                0x0000000008004d94       0x44 Middlewares/Third_Party/FreeRTOS/Source/portable/GCC/ARM_CM4F/port.o
                0x0000000008004d94                vPortEnterCritical
 .text.vPortExitCritical
                0x0000000008004dd8       0x28 Middlewares/Third_Party/FreeRTOS/Source/portable/GCC/ARM_CM4F/port.o
                0x0000000008004dd8                vPortExitCritical
 .text.PendSV_Handler
                0x0000000008004e00       0x64 Middlewares/Third_Party/FreeRTOS/Source/portable/GCC/ARM_CM4F/port.o
                0x0000000008004e00                PendSV_Handler
 .text.SysTick_Handler
                0x0000000008004e64       0x2c Middlewares/Third_Party/FreeRTOS/Source/portable/GCC/ARM_CM4F/port.o
                0x0000000008004e64                SysTick_Handler
 .text.vPortSetupTimerInterrupt
                0x0000000008004e90       0x34 Middlewares/Third_Party/FreeRTOS/Source/portable/GCC/ARM_CM4F/port.o
                0x0000000008004e90                vPortSetupTimerInterrupt
 .text.xPortStartScheduler
                0x0000000008004ec4      0x10c Middlewares/Third_Party/FreeRTOS/Source/portable/GCC/ARM_CM4F/port.o
                0x0000000008004ec4                xPortStartScheduler
 .text.vPortValidateInterruptPriority
                0x0000000008004fd0       0x5c Middlewares/Third_Party/FreeRTOS/Source/portable/GCC/ARM_CM4F/port.o
                0x0000000008004fd0                vPortValidateInterruptPriority
 .text.unlikely.prvInsertBlockIntoFreeList
                0x000000000800502c       0x48 Middlewares/Third_Party/FreeRTOS/Source/portable/MemMang/heap_4.o
 .text.pvPortMalloc
                0x0000000008005074      0x118 Middlewares/Third_Party/FreeRTOS/Source/portable/MemMang/heap_4.o
                0x0000000008005074                pvPortMalloc
 .text.vPortFree
                0x000000000800518c       0x70 Middlewares/Third_Party/FreeRTOS/Source/portable/MemMang/heap_4.o
                0x000000000800518c                vPortFree
 .text.__libc_init_array
                0x00000000080051fc       0x48 c:/st/stm32cubeide_1.3.0/stm32cubeide/plugins/com.st.stm32cube.ide.mcu.externaltools.gnu-tools-for-stm32.7-2018-q2-update.win32_1.4.0.202007081208/tools/bin/../lib/gcc/arm-none-eabi/7.3.1/../../../../arm-none-eabi/lib/thumb/v7e-m/fpv4-sp/hard\libc_nano.a(lib_a-init.o)
                0x00000000080051fc                __libc_init_array
 .text.memcpy   0x0000000008005244       0x16 c:/st/stm32cubeide_1.3.0/stm32cubeide/plugins/com.st.stm32cube.ide.mcu.externaltools.gnu-tools-for-stm32.7-2018-q2-update.win32_1.4.0.202007081208/tools/bin/../lib/gcc/arm-none-eabi/7.3.1/../../../../arm-none-eabi/lib/thumb/v7e-m/fpv4-sp/hard\libc_nano.a(lib_a-memcpy-stub.o)
                0x0000000008005244                memcpy
 .text.memset   0x000000000800525a       0x10 c:/st/stm32cubeide_1.3.0/stm32cubeide/plugins/com.st.stm32cube.ide.mcu.externaltools.gnu-tools-for-stm32.7-2018-q2-update.win32_1.4.0.202007081208/tools/bin/../lib/gcc/arm-none-eabi/7.3.1/../../../../arm-none-eabi/lib/thumb/v7e-m/fpv4-sp/hard\libc_nano.a(lib_a-memset.o)
                0x000000000800525a                memset
 *(.glue_7)
 .glue_7        0x000000000800526a        0x0 linker stubs
 *(.glue_7t)
 .glue_7t       0x000000000800526a        0x0 linker stubs
 *(.eh_frame)
 *fill*         0x000000000800526a        0x2 
 .eh_frame      0x000000000800526c        0x0 c:/st/stm32cubeide_1.3.0/stm32cubeide/plugins/com.st.stm32cube.ide.mcu.externaltools.gnu-tools-for-stm32.7-2018-q2-update.win32_1.4.0.202007081208/tools/bin/../lib/gcc/arm-none-eabi/7.3.1/thumb/v7e-m/fpv4-sp/hard/crtbegin.o
 *(.init)
 .init          0x000000000800526c        0x4 c:/st/stm32cubeide_1.3.0/stm32cubeide/plugins/com.st.stm32cube.ide.mcu.externaltools.gnu-tools-for-stm32.7-2018-q2-update.win32_1.4.0.202007081208/tools/bin/../lib/gcc/arm-none-eabi/7.3.1/thumb/v7e-m/fpv4-sp/hard/crti.o
                0x000000000800526c                _init
 .init          0x0000000008005270        0x8 c:/st/stm32cubeide_1.3.0/stm32cubeide/plugins/com.st.stm32cube.ide.mcu.externaltools.gnu-tools-for-stm32.7-2018-q2-update.win32_1.4.0.202007081208/tools/bin/../lib/gcc/arm-none-eabi/7.3.1/thumb/v7e-m/fpv4-sp/hard/crtn.o
 *(.fini)
 .fini          0x0000000008005278        0x4 c:/st/stm32cubeide_1.3.0/stm32cubeide/plugins/com.st.stm32cube.ide.mcu.externaltools.gnu-tools-for-stm32.7-2018-q2-update.win32_1.4.0.202007081208/tools/bin/../lib/gcc/arm-none-eabi/7.3.1/thumb/v7e-m/fpv4-sp/hard/crti.o
                0x0000000008005278                _fini
 .fini          0x000000000800527c        0x8 c:/st/stm32cubeide_1.3.0/stm32cubeide/plugins/com.st.stm32cube.ide.mcu.externaltools.gnu-tools-for-stm32.7-2018-q2-update.win32_1.4.0.202007081208/tools/bin/../lib/gcc/arm-none-eabi/7.3.1/thumb/v7e-m/fpv4-sp/hard/crtn.o
                0x0000000008005284                . = ALIGN (0x4)
                0x0000000008005284                _etext = .

.vfp11_veneer   0x0000000008005284        0x0
 .vfp11_veneer  0x0000000008005284        0x0 linker stubs

.v4_bx          0x0000000008005284        0x0
 .v4_bx         0x0000000008005284        0x0 linker stubs

.iplt           0x0000000008005284        0x0
 .iplt          0x0000000008005284        0x0 c:/st/stm32cubeide_1.3.0/stm32cubeide/plugins/com.st.stm32cube.ide.mcu.externaltools.gnu-tools-for-stm32.7-2018-q2-update.win32_1.4.0.202007081208/tools/bin/../lib/gcc/arm-none-eabi/7.3.1/thumb/v7e-m/fpv4-sp/hard/crtbegin.o

.rodata         0x0000000008005284      0x168
                0x0000000008005284                . = ALIGN (0x4)
 *(.rodata)
 *(.rodata*)
 .rodata.CSWTCH.40
                0x0000000008005284       0x10 Core/Src/main.o
 .rodata.Task1_attributes
                0x0000000008005294       0x24 Core/Src/main.o
                0x0000000008005294                Task1_attributes
 .rodata.Task2_attributes
                0x00000000080052b8       0x24 Core/Src/main.o
                0x00000000080052b8                Task2_attributes
 .rodata.Task3_attributes
                0x00000000080052dc       0x24 Core/Src/main.o
                0x00000000080052dc                Task3_attributes
 .rodata.Task4_attributes
                0x0000000008005300       0x24 Core/Src/main.o
                0x0000000008005300                Task4_attributes
 .rodata.Task5_attributes
                0x0000000008005324       0x24 Core/Src/main.o
                0x0000000008005324                Task5_attributes
 .rodata.Task6_attributes
                0x0000000008005348       0x24 Core/Src/main.o
                0x0000000008005348                Task6_attributes
 .rodata.defaultTask_attributes
                0x000000000800536c       0x24 Core/Src/main.o
                0x000000000800536c                defaultTask_attributes
 .rodata.str1.1
                0x0000000008005390       0x30 Core/Src/main.o
 .rodata.AHBPrescTable
                0x00000000080053c0       0x10 Core/Src/system_stm32f4xx.o
                0x00000000080053c0                AHBPrescTable
 .rodata.APBPrescTable
                0x00000000080053d0        0x8 Core/Src/system_stm32f4xx.o
                0x00000000080053d0                APBPrescTable
 .rodata.vTaskStartScheduler.str1.1
                0x00000000080053d8        0x5 Middlewares/Third_Party/FreeRTOS/Source/tasks.o
 .rodata.prvCheckForValidListAndQueue.str1.1
                0x00000000080053dd        0x5 Middlewares/Third_Party/FreeRTOS/Source/timers.o
 .rodata.xTimerCreateTimerTask.str1.1
                0x00000000080053e2        0x8 Middlewares/Third_Party/FreeRTOS/Source/timers.o
                0x00000000080053ec                . = ALIGN (0x4)
 *fill*         0x00000000080053ea        0x2 

.ARM.extab      0x00000000080053ec        0x0
                0x00000000080053ec                . = ALIGN (0x4)
 *(.ARM.extab* .gnu.linkonce.armextab.*)
                0x00000000080053ec                . = ALIGN (0x4)

.ARM            0x00000000080053ec        0x8
                0x00000000080053ec                . = ALIGN (0x4)
                0x00000000080053ec                __exidx_start = .
 *(.ARM.exidx*)
 .ARM.exidx     0x00000000080053ec        0x8 c:/st/stm32cubeide_1.3.0/stm32cubeide/plugins/com.st.stm32cube.ide.mcu.externaltools.gnu-tools-for-stm32.7-2018-q2-update.win32_1.4.0.202007081208/tools/bin/../lib/gcc/arm-none-eabi/7.3.1/thumb/v7e-m/fpv4-sp/hard\libgcc.a(_udivmoddi4.o)
                0x00000000080053f4                __exidx_end = .
                0x00000000080053f4                . = ALIGN (0x4)

.rel.dyn        0x00000000080053f4        0x0
 .rel.iplt      0x00000000080053f4        0x0 c:/st/stm32cubeide_1.3.0/stm32cubeide/plugins/com.st.stm32cube.ide.mcu.externaltools.gnu-tools-for-stm32.7-2018-q2-update.win32_1.4.0.202007081208/tools/bin/../lib/gcc/arm-none-eabi/7.3.1/thumb/v7e-m/fpv4-sp/hard/crtbegin.o

.preinit_array  0x00000000080053f4        0x0
                0x00000000080053f4                . = ALIGN (0x4)
                0x00000000080053f4                PROVIDE (__preinit_array_start = .)
 *(.preinit_array*)
                0x00000000080053f4                PROVIDE (__preinit_array_end = .)
                0x00000000080053f4                . = ALIGN (0x4)

.init_array     0x00000000080053f4        0x4
                0x00000000080053f4                . = ALIGN (0x4)
                0x00000000080053f4                PROVIDE (__init_array_start = .)
 *(SORT_BY_NAME(.init_array.*))
 *(.init_array*)
 .init_array    0x00000000080053f4        0x4 c:/st/stm32cubeide_1.3.0/stm32cubeide/plugins/com.st.stm32cube.ide.mcu.externaltools.gnu-tools-for-stm32.7-2018-q2-update.win32_1.4.0.202007081208/tools/bin/../lib/gcc/arm-none-eabi/7.3.1/thumb/v7e-m/fpv4-sp/hard/crtbegin.o
                0x00000000080053f8                PROVIDE (__init_array_end = .)
                0x00000000080053f8                . = ALIGN (0x4)

.fini_array     0x00000000080053f8        0x4
                0x00000000080053f8                . = ALIGN (0x4)
                [!provide]                        PROVIDE (__fini_array_start = .)
 *(SORT_BY_NAME(.fini_array.*))
 *(.fini_array*)
 .fini_array    0x00000000080053f8        0x4 c:/st/stm32cubeide_1.3.0/stm32cubeide/plugins/com.st.stm32cube.ide.mcu.externaltools.gnu-tools-for-stm32.7-2018-q2-update.win32_1.4.0.202007081208/tools/bin/../lib/gcc/arm-none-eabi/7.3.1/thumb/v7e-m/fpv4-sp/hard/crtbegin.o
                [!provide]                        PROVIDE (__fini_array_end = .)
                0x00000000080053fc                . = ALIGN (0x4)
                0x00000000080053fc                _sidata = LOADADDR (.data)

.data           0x0000000020000000       0x10 load address 0x00000000080053fc
                0x0000000020000000                . = ALIGN (0x4)
                0x0000000020000000                _sdata = .
 *(.data)
 *(.data*)
 .data.SystemCoreClock
                0x0000000020000000        0x4 Core/Src/system_stm32f4xx.o
                0x0000000020000000                SystemCoreClock
 .data.uwTickFreq
                0x0000000020000004        0x1 Drivers/STM32F4xx_HAL_Driver/Src/stm32f4xx_hal.o
                0x0000000020000004                uwTickFreq
 *fill*         0x0000000020000005        0x3 
 .data.uwTickPrio
                0x0000000020000008        0x4 Drivers/STM32F4xx_HAL_Driver/Src/stm32f4xx_hal.o
                0x0000000020000008                uwTickPrio
 .data.uxCriticalNesting
                0x000000002000000c        0x4 Middlewares/Third_Party/FreeRTOS/Source/portable/GCC/ARM_CM4F/port.o
                0x0000000020000010                . = ALIGN (0x4)
                0x0000000020000010                _edata = .

.igot.plt       0x0000000020000010        0x0 load address 0x000000000800540c
 .igot.plt      0x0000000020000010        0x0 c:/st/stm32cubeide_1.3.0/stm32cubeide/plugins/com.st.stm32cube.ide.mcu.externaltools.gnu-tools-for-stm32.7-2018-q2-update.win32_1.4.0.202007081208/tools/bin/../lib/gcc/arm-none-eabi/7.3.1/thumb/v7e-m/fpv4-sp/hard/crtbegin.o
                0x0000000020000010                . = ALIGN (0x4)

.bss            0x0000000020000010     0x6210 load address 0x000000000800540c
                0x0000000020000010                _sbss = .
                0x0000000020000010                __bss_start__ = _sbss
 *(.bss)
 .bss           0x0000000020000010       0x1c c:/st/stm32cubeide_1.3.0/stm32cubeide/plugins/com.st.stm32cube.ide.mcu.externaltools.gnu-tools-for-stm32.7-2018-q2-update.win32_1.4.0.202007081208/tools/bin/../lib/gcc/arm-none-eabi/7.3.1/thumb/v7e-m/fpv4-sp/hard/crtbegin.o
 *(.bss*)
 .bss.Idle_Stack
                0x000000002000002c      0x200 Middlewares/Third_Party/FreeRTOS/Source/CMSIS_RTOS_V2/cmsis_os2.o
 .bss.Idle_TCB  0x000000002000022c       0x60 Middlewares/Third_Party/FreeRTOS/Source/CMSIS_RTOS_V2/cmsis_os2.o
 .bss.KernelState
                0x000000002000028c        0x4 Middlewares/Third_Party/FreeRTOS/Source/CMSIS_RTOS_V2/cmsis_os2.o
 .bss.Timer_Stack
                0x0000000020000290      0x400 Middlewares/Third_Party/FreeRTOS/Source/CMSIS_RTOS_V2/cmsis_os2.o
 .bss.Timer_TCB
                0x0000000020000690       0x60 Middlewares/Third_Party/FreeRTOS/Source/CMSIS_RTOS_V2/cmsis_os2.o
 .bss.pxCurrentTCB
                0x00000000200006f0        0x4 Middlewares/Third_Party/FreeRTOS/Source/tasks.o
                0x00000000200006f0                pxCurrentTCB
 .bss.pxDelayedTaskList
                0x00000000200006f4        0x4 Middlewares/Third_Party/FreeRTOS/Source/tasks.o
 .bss.pxOverflowDelayedTaskList
                0x00000000200006f8        0x4 Middlewares/Third_Party/FreeRTOS/Source/tasks.o
 .bss.pxReadyTasksLists
                0x00000000200006fc      0x460 Middlewares/Third_Party/FreeRTOS/Source/tasks.o
 .bss.uxCurrentNumberOfTasks
                0x0000000020000b5c        0x4 Middlewares/Third_Party/FreeRTOS/Source/tasks.o
 .bss.uxDeletedTasksWaitingCleanUp
                0x0000000020000b60        0x4 Middlewares/Third_Party/FreeRTOS/Source/tasks.o
 .bss.uxPendedTicks
                0x0000000020000b64        0x4 Middlewares/Third_Party/FreeRTOS/Source/tasks.o
 .bss.uxSchedulerSuspended
                0x0000000020000b68        0x4 Middlewares/Third_Party/FreeRTOS/Source/tasks.o
 .bss.uxTaskNumber
                0x0000000020000b6c        0x4 Middlewares/Third_Party/FreeRTOS/Source/tasks.o
 .bss.uxTopReadyPriority
                0x0000000020000b70        0x4 Middlewares/Third_Party/FreeRTOS/Source/tasks.o
 .bss.xDelayedTaskList1
                0x0000000020000b74       0x14 Middlewares/Third_Party/FreeRTOS/Source/tasks.o
 .bss.xDelayedTaskList2
                0x0000000020000b88       0x14 Middlewares/Third_Party/FreeRTOS/Source/tasks.o
 .bss.xNextTaskUnblockTime
                0x0000000020000b9c        0x4 Middlewares/Third_Party/FreeRTOS/Source/tasks.o
 .bss.xNumOfOverflows
                0x0000000020000ba0        0x4 Middlewares/Third_Party/FreeRTOS/Source/tasks.o
 .bss.xPendingReadyList
                0x0000000020000ba4       0x14 Middlewares/Third_Party/FreeRTOS/Source/tasks.o
 .bss.xSchedulerRunning
                0x0000000020000bb8        0x4 Middlewares/Third_Party/FreeRTOS/Source/tasks.o
 .bss.xSuspendedTaskList
                0x0000000020000bbc       0x14 Middlewares/Third_Party/FreeRTOS/Source/tasks.o
 .bss.xTasksWaitingTermination
                0x0000000020000bd0       0x14 Middlewares/Third_Party/FreeRTOS/Source/tasks.o
 .bss.xTickCount
                0x0000000020000be4        0x4 Middlewares/Third_Party/FreeRTOS/Source/tasks.o
 .bss.xYieldPending
                0x0000000020000be8        0x4 Middlewares/Third_Party/FreeRTOS/Source/tasks.o
 .bss.pxCurrentTimerList
                0x0000000020000bec        0x4 Middlewares/Third_Party/FreeRTOS/Source/timers.o
 .bss.pxOverflowTimerList
                0x0000000020000bf0        0x4 Middlewares/Third_Party/FreeRTOS/Source/timers.o
 .bss.ucStaticTimerQueueStorage.6800
                0x0000000020000bf4       0xa0 Middlewares/Third_Party/FreeRTOS/Source/timers.o
 .bss.xActiveTimerList1
                0x0000000020000c94       0x14 Middlewares/Third_Party/FreeRTOS/Source/timers.o
 .bss.xActiveTimerList2
                0x0000000020000ca8       0x14 Middlewares/Third_Party/FreeRTOS/Source/timers.o
 .bss.xLastTime.6749
                0x0000000020000cbc        0x4 Middlewares/Third_Party/FreeRTOS/Source/timers.o
 .bss.xStaticTimerQueue.6799
                0x0000000020000cc0       0x50 Middlewares/Third_Party/FreeRTOS/Source/timers.o
 .bss.xTimerQueue
                0x0000000020000d10        0x4 Middlewares/Third_Party/FreeRTOS/Source/timers.o
 .bss.xTimerTaskHandle
                0x0000000020000d14        0x4 Middlewares/Third_Party/FreeRTOS/Source/timers.o
 .bss.ucMaxSysCallPriority
                0x0000000020000d18        0x1 Middlewares/Third_Party/FreeRTOS/Source/portable/GCC/ARM_CM4F/port.o
 *fill*         0x0000000020000d19        0x3 
 .bss.ulMaxPRIGROUPValue
                0x0000000020000d1c        0x4 Middlewares/Third_Party/FreeRTOS/Source/portable/GCC/ARM_CM4F/port.o
 .bss.pxEnd     0x0000000020000d20        0x4 Middlewares/Third_Party/FreeRTOS/Source/portable/MemMang/heap_4.o
 .bss.ucHeap    0x0000000020000d24     0x3c00 Middlewares/Third_Party/FreeRTOS/Source/portable/MemMang/heap_4.o
 .bss.xBlockAllocatedBit
                0x0000000020004924        0x4 Middlewares/Third_Party/FreeRTOS/Source/portable/MemMang/heap_4.o
 .bss.xFreeBytesRemaining
                0x0000000020004928        0x4 Middlewares/Third_Party/FreeRTOS/Source/portable/MemMang/heap_4.o
 .bss.xMinimumEverFreeBytesRemaining
                0x000000002000492c        0x4 Middlewares/Third_Party/FreeRTOS/Source/portable/MemMang/heap_4.o
 .bss.xStart    0x0000000020004930        0x8 Middlewares/Third_Party/FreeRTOS/Source/portable/MemMang/heap_4.o
 *(COMMON)
 COMMON         0x0000000020004938     0x1864 Core/Src/main.o
                0x0000000020004938                Task5Handle
                0x000000002000493c                RAD_PWR_ON
                0x0000000020004948                defaultTaskHandle
                0x000000002000494c                EX_GPIO2
                0x0000000020004958                CS_LORA
                0x0000000020004964                CS_PSD1_AMP
                0x0000000020004970                EXT_SPI_EN
                0x000000002000497c                hspi2
                0x00000000200049d4                Task4Buffer
                0x0000000020004bd4                Task2Buffer
                0x0000000020004dd4                Task1Buffer
                0x0000000020004fd4                CS_PSD2_AMP
                0x0000000020004fe0                TMTC_WD
                0x0000000020004fec                PSD1_SEL1
                0x0000000020004ff8                huart3
                0x0000000020005038                SBD_PWR_ON
                0x0000000020005044                hi2c1
                0x0000000020005098                SDB_SER_RTS
                0x00000000200050a4                hpcd_USB_OTG_FS
                0x00000000200054ac                EN_ADC3
                0x00000000200054b8                TaskControlBlock
                0x0000000020005518                hi2c2
                0x000000002000556c                PWM_HEATER
                0x0000000020005578                RSBY_PWR_ON
                0x0000000020005584                INT_GYRO2
                0x0000000020005590                EX_GPIO3
                0x000000002000559c                myRxData
                0x00000000200055a8                EN_ADC2
                0x00000000200055b4                DIR_Y_COIL
                0x00000000200055c0                PWM_Y_COIL
                0x00000000200055cc                htim3
                0x000000002000560c                hspi3
                0x0000000020005664                PWM_Z_COIL
                0x0000000020005670                RAD_RESET
                0x000000002000567c                Task5ControlBlock
                0x00000000200056dc                Task6Handle
                0x00000000200056e0                Task1Handle
                0x00000000200056e4                hadc1
                0x000000002000572c                GPS_PWR_ON
                0x0000000020005738                Task1ControlBlock
                0x0000000020005798                JTAG_TCK
                0x00000000200057a4                CS_GYRO
                0x00000000200057b0                Task4Handle
                0x00000000200057b4                PSD1_SEL0
                0x00000000200057c0                RSBY_KEEP_EN
                0x00000000200057cc                huart1
                0x000000002000580c                CS_RADFET
                0x0000000020005818                Task4ControlBlock
                0x0000000020005878                CS_GYRO2
                0x0000000020005884                UHF_RESET
                0x0000000020005890                CS_NAND
                0x000000002000589c                PSD2_SEL1
                0x00000000200058a8                SDB_SER_NET
                0x00000000200058b4                EX_GPIO4
                0x00000000200058c0                EN_ADC1
                0x00000000200058cc                SDB_SER_DSR
                0x00000000200058d8                ANA_PWR_ON
                0x00000000200058e4                SDB_ON_OFF
                0x00000000200058f0                PWM_X_COIL
                0x00000000200058fc                SDB_SER_DCD
                0x0000000020005908                Task5Buffer
                0x0000000020005b08                DIR_Z_COIL
                0x0000000020005b14                INT_GYRO1
                0x0000000020005b20                CS_FRAM
                0x0000000020005b2c                Task3ControlBlock
                0x0000000020005b8c                EX_GPIO1
                0x0000000020005b98                USB_VBUS
                0x0000000020005ba4                Task3Buffer
                0x0000000020005da4                JTAG_TMS
                0x0000000020005db0                huart6
                0x0000000020005df0                Task3Handle
                0x0000000020005df4                Task2Handle
                0x0000000020005df8                SDB_SER_RI
                0x0000000020005e04                TaskBuffer
                0x0000000020006004                Task2ControlBlock
                0x0000000020006064                hspi1
                0x00000000200060bc                htim2
                0x00000000200060fc                SDB_SER_CTS
                0x0000000020006108                huart2
                0x0000000020006148                PSD2_SEL0
                0x0000000020006154                DIR_X_COIL
                0x0000000020006160                RADFET_OWB
                0x000000002000616c                PGOOD
                0x0000000020006178                SDB_SER_DTR
                0x0000000020006184                WATCHDOG
                0x0000000020006190                CS_EEPROM
 COMMON         0x000000002000619c       0x40 Core/Src/stm32f4xx_hal_timebase_tim.o
                0x000000002000619c                htim6
 COMMON         0x00000000200061dc        0x4 Drivers/STM32F4xx_HAL_Driver/Src/stm32f4xx_hal.o
                0x00000000200061dc                uwTick
 COMMON         0x00000000200061e0       0x40 Middlewares/Third_Party/FreeRTOS/Source/queue.o
                0x00000000200061e0                xQueueRegistry
                0x0000000020006220                . = ALIGN (0x4)
                0x0000000020006220                _ebss = .
                0x0000000020006220                __bss_end__ = _ebss

._user_heap_stack
                0x0000000020006220      0x600 load address 0x000000000800540c
                0x0000000020006220                . = ALIGN (0x8)
                [!provide]                        PROVIDE (end = .)
                0x0000000020006220                PROVIDE (_end = .)
                0x0000000020006420                . = (. + _Min_Heap_Size)
 *fill*         0x0000000020006220      0x200 
                0x0000000020006820                . = (. + _Min_Stack_Size)
 *fill*         0x0000000020006420      0x400 
                0x0000000020006820                . = ALIGN (0x8)

/DISCARD/
 libc.a(*)
 libm.a(*)
 libgcc.a(*)

.ARM.attributes
                0x0000000000000000       0x30
 *(.ARM.attributes)
 .ARM.attributes
                0x0000000000000000       0x22 c:/st/stm32cubeide_1.3.0/stm32cubeide/plugins/com.st.stm32cube.ide.mcu.externaltools.gnu-tools-for-stm32.7-2018-q2-update.win32_1.4.0.202007081208/tools/bin/../lib/gcc/arm-none-eabi/7.3.1/thumb/v7e-m/fpv4-sp/hard/crti.o
 .ARM.attributes
                0x0000000000000022       0x34 c:/st/stm32cubeide_1.3.0/stm32cubeide/plugins/com.st.stm32cube.ide.mcu.externaltools.gnu-tools-for-stm32.7-2018-q2-update.win32_1.4.0.202007081208/tools/bin/../lib/gcc/arm-none-eabi/7.3.1/thumb/v7e-m/fpv4-sp/hard/crtbegin.o
 .ARM.attributes
                0x0000000000000056       0x39 Core/Src/main.o
 .ARM.attributes
                0x000000000000008f       0x39 Core/Src/stm32f4xx_hal_msp.o
 .ARM.attributes
                0x00000000000000c8       0x39 Core/Src/stm32f4xx_hal_timebase_tim.o
 .ARM.attributes
                0x0000000000000101       0x39 Core/Src/stm32f4xx_it.o
 .ARM.attributes
                0x000000000000013a       0x39 Core/Src/system_stm32f4xx.o
 .ARM.attributes
                0x0000000000000173       0x21 Core/Startup/startup_stm32f407vgtx.o
 .ARM.attributes
                0x0000000000000194       0x39 Drivers/STM32F4xx_HAL_Driver/Src/stm32f4xx_hal.o
 .ARM.attributes
                0x00000000000001cd       0x39 Drivers/STM32F4xx_HAL_Driver/Src/stm32f4xx_hal_adc.o
 .ARM.attributes
                0x0000000000000206       0x39 Drivers/STM32F4xx_HAL_Driver/Src/stm32f4xx_hal_cortex.o
 .ARM.attributes
                0x000000000000023f       0x39 Drivers/STM32F4xx_HAL_Driver/Src/stm32f4xx_hal_dma.o
 .ARM.attributes
                0x0000000000000278       0x39 Drivers/STM32F4xx_HAL_Driver/Src/stm32f4xx_hal_gpio.o
 .ARM.attributes
                0x00000000000002b1       0x39 Drivers/STM32F4xx_HAL_Driver/Src/stm32f4xx_hal_i2c.o
 .ARM.attributes
                0x00000000000002ea       0x39 Drivers/STM32F4xx_HAL_Driver/Src/stm32f4xx_hal_pcd.o
 .ARM.attributes
                0x0000000000000323       0x39 Drivers/STM32F4xx_HAL_Driver/Src/stm32f4xx_hal_pcd_ex.o
 .ARM.attributes
                0x000000000000035c       0x39 Drivers/STM32F4xx_HAL_Driver/Src/stm32f4xx_hal_rcc.o
 .ARM.attributes
                0x0000000000000395       0x39 Drivers/STM32F4xx_HAL_Driver/Src/stm32f4xx_hal_spi.o
 .ARM.attributes
                0x00000000000003ce       0x39 Drivers/STM32F4xx_HAL_Driver/Src/stm32f4xx_hal_tim.o
 .ARM.attributes
                0x0000000000000407       0x39 Drivers/STM32F4xx_HAL_Driver/Src/stm32f4xx_hal_tim_ex.o
 .ARM.attributes
                0x0000000000000440       0x39 Drivers/STM32F4xx_HAL_Driver/Src/stm32f4xx_hal_uart.o
 .ARM.attributes
                0x0000000000000479       0x39 Drivers/STM32F4xx_HAL_Driver/Src/stm32f4xx_ll_usb.o
 .ARM.attributes
                0x00000000000004b2       0x39 Middlewares/Third_Party/FreeRTOS/Source/CMSIS_RTOS_V2/cmsis_os2.o
 .ARM.attributes
                0x00000000000004eb       0x39 Middlewares/Third_Party/FreeRTOS/Source/list.o
 .ARM.attributes
                0x0000000000000524       0x39 Middlewares/Third_Party/FreeRTOS/Source/queue.o
 .ARM.attributes
                0x000000000000055d       0x39 Middlewares/Third_Party/FreeRTOS/Source/tasks.o
 .ARM.attributes
                0x0000000000000596       0x39 Middlewares/Third_Party/FreeRTOS/Source/timers.o
 .ARM.attributes
                0x00000000000005cf       0x39 Middlewares/Third_Party/FreeRTOS/Source/portable/GCC/ARM_CM4F/port.o
 .ARM.attributes
                0x0000000000000608       0x39 Middlewares/Third_Party/FreeRTOS/Source/portable/MemMang/heap_4.o
 .ARM.attributes
                0x0000000000000641       0x34 c:/st/stm32cubeide_1.3.0/stm32cubeide/plugins/com.st.stm32cube.ide.mcu.externaltools.gnu-tools-for-stm32.7-2018-q2-update.win32_1.4.0.202007081208/tools/bin/../lib/gcc/arm-none-eabi/7.3.1/../../../../arm-none-eabi/lib/thumb/v7e-m/fpv4-sp/hard\libc_nano.a(lib_a-init.o)
 .ARM.attributes
                0x0000000000000675       0x34 c:/st/stm32cubeide_1.3.0/stm32cubeide/plugins/com.st.stm32cube.ide.mcu.externaltools.gnu-tools-for-stm32.7-2018-q2-update.win32_1.4.0.202007081208/tools/bin/../lib/gcc/arm-none-eabi/7.3.1/../../../../arm-none-eabi/lib/thumb/v7e-m/fpv4-sp/hard\libc_nano.a(lib_a-memcpy-stub.o)
 .ARM.attributes
                0x00000000000006a9       0x34 c:/st/stm32cubeide_1.3.0/stm32cubeide/plugins/com.st.stm32cube.ide.mcu.externaltools.gnu-tools-for-stm32.7-2018-q2-update.win32_1.4.0.202007081208/tools/bin/../lib/gcc/arm-none-eabi/7.3.1/../../../../arm-none-eabi/lib/thumb/v7e-m/fpv4-sp/hard\libc_nano.a(lib_a-memset.o)
 .ARM.attributes
                0x00000000000006dd       0x22 c:/st/stm32cubeide_1.3.0/stm32cubeide/plugins/com.st.stm32cube.ide.mcu.externaltools.gnu-tools-for-stm32.7-2018-q2-update.win32_1.4.0.202007081208/tools/bin/../lib/gcc/arm-none-eabi/7.3.1/thumb/v7e-m/fpv4-sp/hard\libgcc.a(_aeabi_uldivmod.o)
 .ARM.attributes
                0x00000000000006ff       0x34 c:/st/stm32cubeide_1.3.0/stm32cubeide/plugins/com.st.stm32cube.ide.mcu.externaltools.gnu-tools-for-stm32.7-2018-q2-update.win32_1.4.0.202007081208/tools/bin/../lib/gcc/arm-none-eabi/7.3.1/thumb/v7e-m/fpv4-sp/hard\libgcc.a(_udivmoddi4.o)
 .ARM.attributes
                0x0000000000000733       0x22 c:/st/stm32cubeide_1.3.0/stm32cubeide/plugins/com.st.stm32cube.ide.mcu.externaltools.gnu-tools-for-stm32.7-2018-q2-update.win32_1.4.0.202007081208/tools/bin/../lib/gcc/arm-none-eabi/7.3.1/thumb/v7e-m/fpv4-sp/hard\libgcc.a(_dvmd_tls.o)
 .ARM.attributes
                0x0000000000000755       0x22 c:/st/stm32cubeide_1.3.0/stm32cubeide/plugins/com.st.stm32cube.ide.mcu.externaltools.gnu-tools-for-stm32.7-2018-q2-update.win32_1.4.0.202007081208/tools/bin/../lib/gcc/arm-none-eabi/7.3.1/thumb/v7e-m/fpv4-sp/hard/crtn.o
OUTPUT(TestFEES-FreeRtos- GPIOS-BUSSES-PWM.elf elf32-littlearm)

.comment        0x0000000000000000       0x7b
 .comment       0x0000000000000000       0x7b Core/Src/main.o
                                         0x7c (size before relaxing)
 .comment       0x000000000000007b       0x7c Core/Src/stm32f4xx_hal_msp.o
 .comment       0x000000000000007b       0x7c Core/Src/stm32f4xx_hal_timebase_tim.o
 .comment       0x000000000000007b       0x7c Core/Src/stm32f4xx_it.o
 .comment       0x000000000000007b       0x7c Core/Src/system_stm32f4xx.o
 .comment       0x000000000000007b       0x7c Drivers/STM32F4xx_HAL_Driver/Src/stm32f4xx_hal.o
 .comment       0x000000000000007b       0x7c Drivers/STM32F4xx_HAL_Driver/Src/stm32f4xx_hal_adc.o
 .comment       0x000000000000007b       0x7c Drivers/STM32F4xx_HAL_Driver/Src/stm32f4xx_hal_cortex.o
 .comment       0x000000000000007b       0x7c Drivers/STM32F4xx_HAL_Driver/Src/stm32f4xx_hal_dma.o
 .comment       0x000000000000007b       0x7c Drivers/STM32F4xx_HAL_Driver/Src/stm32f4xx_hal_gpio.o
 .comment       0x000000000000007b       0x7c Drivers/STM32F4xx_HAL_Driver/Src/stm32f4xx_hal_i2c.o
 .comment       0x000000000000007b       0x7c Drivers/STM32F4xx_HAL_Driver/Src/stm32f4xx_hal_pcd.o
 .comment       0x000000000000007b       0x7c Drivers/STM32F4xx_HAL_Driver/Src/stm32f4xx_hal_pcd_ex.o
 .comment       0x000000000000007b       0x7c Drivers/STM32F4xx_HAL_Driver/Src/stm32f4xx_hal_rcc.o
 .comment       0x000000000000007b       0x7c Drivers/STM32F4xx_HAL_Driver/Src/stm32f4xx_hal_spi.o
 .comment       0x000000000000007b       0x7c Drivers/STM32F4xx_HAL_Driver/Src/stm32f4xx_hal_tim.o
 .comment       0x000000000000007b       0x7c Drivers/STM32F4xx_HAL_Driver/Src/stm32f4xx_hal_tim_ex.o
 .comment       0x000000000000007b       0x7c Drivers/STM32F4xx_HAL_Driver/Src/stm32f4xx_hal_uart.o
 .comment       0x000000000000007b       0x7c Drivers/STM32F4xx_HAL_Driver/Src/stm32f4xx_ll_usb.o
 .comment       0x000000000000007b       0x7c Middlewares/Third_Party/FreeRTOS/Source/CMSIS_RTOS_V2/cmsis_os2.o
 .comment       0x000000000000007b       0x7c Middlewares/Third_Party/FreeRTOS/Source/list.o
 .comment       0x000000000000007b       0x7c Middlewares/Third_Party/FreeRTOS/Source/queue.o
 .comment       0x000000000000007b       0x7c Middlewares/Third_Party/FreeRTOS/Source/tasks.o
 .comment       0x000000000000007b       0x7c Middlewares/Third_Party/FreeRTOS/Source/timers.o
 .comment       0x000000000000007b       0x7c Middlewares/Third_Party/FreeRTOS/Source/portable/GCC/ARM_CM4F/port.o
 .comment       0x000000000000007b       0x7c Middlewares/Third_Party/FreeRTOS/Source/portable/MemMang/heap_4.o

.debug_frame    0x0000000000000000       0xd4
 .debug_frame   0x0000000000000000       0x2c c:/st/stm32cubeide_1.3.0/stm32cubeide/plugins/com.st.stm32cube.ide.mcu.externaltools.gnu-tools-for-stm32.7-2018-q2-update.win32_1.4.0.202007081208/tools/bin/../lib/gcc/arm-none-eabi/7.3.1/../../../../arm-none-eabi/lib/thumb/v7e-m/fpv4-sp/hard\libc_nano.a(lib_a-init.o)
 .debug_frame   0x000000000000002c       0x28 c:/st/stm32cubeide_1.3.0/stm32cubeide/plugins/com.st.stm32cube.ide.mcu.externaltools.gnu-tools-for-stm32.7-2018-q2-update.win32_1.4.0.202007081208/tools/bin/../lib/gcc/arm-none-eabi/7.3.1/../../../../arm-none-eabi/lib/thumb/v7e-m/fpv4-sp/hard\libc_nano.a(lib_a-memcpy-stub.o)
 .debug_frame   0x0000000000000054       0x20 c:/st/stm32cubeide_1.3.0/stm32cubeide/plugins/com.st.stm32cube.ide.mcu.externaltools.gnu-tools-for-stm32.7-2018-q2-update.win32_1.4.0.202007081208/tools/bin/../lib/gcc/arm-none-eabi/7.3.1/../../../../arm-none-eabi/lib/thumb/v7e-m/fpv4-sp/hard\libc_nano.a(lib_a-memset.o)
 .debug_frame   0x0000000000000074       0x2c c:/st/stm32cubeide_1.3.0/stm32cubeide/plugins/com.st.stm32cube.ide.mcu.externaltools.gnu-tools-for-stm32.7-2018-q2-update.win32_1.4.0.202007081208/tools/bin/../lib/gcc/arm-none-eabi/7.3.1/thumb/v7e-m/fpv4-sp/hard\libgcc.a(_aeabi_uldivmod.o)
 .debug_frame   0x00000000000000a0       0x34 c:/st/stm32cubeide_1.3.0/stm32cubeide/plugins/com.st.stm32cube.ide.mcu.externaltools.gnu-tools-for-stm32.7-2018-q2-update.win32_1.4.0.202007081208/tools/bin/../lib/gcc/arm-none-eabi/7.3.1/thumb/v7e-m/fpv4-sp/hard\libgcc.a(_udivmoddi4.o)
